// Jest Snapshot v1, https://goo.gl/fbAQLP

exports[`creates mutations 1`] = `
Array [
  "mutation { upsertTeam( where: { teamId: 78 } create:{ teamId: 78 name: \\"London Welsh\\" } update:{ teamId: 78 name: \\"London Welsh\\" } ) { id teamId } }",
  "mutation { upsertTeam( where: { teamId: 84 } create:{ teamId: 84 name: \\"Exeter\\" } update:{ teamId: 84 name: \\"Exeter\\" } ) { id teamId } }",
  "mutation { upsertTeam( where: { teamId: 1000 } create:{ teamId: 1000 name: \\"Bath\\" } update:{ teamId: 1000 name: \\"Bath\\" } ) { id teamId } }",
  "mutation { upsertTeam( where: { teamId: 1100 } create:{ teamId: 1100 name: \\"Gloucester\\" } update:{ teamId: 1100 name: \\"Gloucester\\" } ) { id teamId } }",
  "mutation { upsertTeam( where: { teamId: 1150 } create:{ teamId: 1150 name: \\"Harlequins\\" } update:{ teamId: 1150 name: \\"Harlequins\\" } ) { id teamId } }",
  "mutation { upsertTeam( where: { teamId: 1250 } create:{ teamId: 1250 name: \\"Leicester\\" } update:{ teamId: 1250 name: \\"Leicester\\" } ) { id teamId } }",
  "mutation { upsertTeam( where: { teamId: 1300 } create:{ teamId: 1300 name: \\"London Irish\\" } update:{ teamId: 1300 name: \\"London Irish\\" } ) { id teamId } }",
  "mutation { upsertTeam( where: { teamId: 1350 } create:{ teamId: 1350 name: \\"Newcastle\\" } update:{ teamId: 1350 name: \\"Newcastle\\" } ) { id teamId } }",
  "mutation { upsertTeam( where: { teamId: 1400 } create:{ teamId: 1400 name: \\"Northampton\\" } update:{ teamId: 1400 name: \\"Northampton\\" } ) { id teamId } }",
  "mutation { upsertTeam( where: { teamId: 1450 } create:{ teamId: 1450 name: \\"Sale\\" } update:{ teamId: 1450 name: \\"Sale\\" } ) { id teamId } }",
  "mutation { upsertTeam( where: { teamId: 1500 } create:{ teamId: 1500 name: \\"Saracens\\" } update:{ teamId: 1500 name: \\"Saracens\\" } ) { id teamId } }",
  "mutation { upsertTeam( where: { teamId: 1550 } create:{ teamId: 1550 name: \\"Wasps\\" } update:{ teamId: 1550 name: \\"Wasps\\" } ) { id teamId } }",
]
`;

exports[`creates mutations 2`] = `
Array [
  "mutation { upsertVenue( where: { venueId: 25 } create:{ venueId: 25 venueName: \\"Adams Park\\" } update:{ venueId: 25 venueName: \\"Adams Park\\" } ) { id venueId } }",
  "mutation { upsertVenue( where: { venueId: 28 } create:{ venueId: 28 venueName: \\"Franklin's Gardens\\" } update:{ venueId: 28 venueName: \\"Franklin's Gardens\\" } ) { id venueId } }",
  "mutation { upsertVenue( where: { venueId: 30 } create:{ venueId: 30 venueName: \\"Kingsholm\\" } update:{ venueId: 30 venueName: \\"Kingsholm\\" } ) { id venueId } }",
  "mutation { upsertVenue( where: { venueId: 31 } create:{ venueId: 31 venueName: \\"Kingston Park\\" } update:{ venueId: 31 venueName: \\"Kingston Park\\" } ) { id venueId } }",
  "mutation { upsertVenue( where: { venueId: 32 } create:{ venueId: 32 venueName: \\"Madejski Stadium\\" } update:{ venueId: 32 venueName: \\"Madejski Stadium\\" } ) { id venueId } }",
  "mutation { upsertVenue( where: { venueId: 33 } create:{ venueId: 33 venueName: \\"Recreation Ground\\" } update:{ venueId: 33 venueName: \\"Recreation Ground\\" } ) { id venueId } }",
  "mutation { upsertVenue( where: { venueId: 35 } create:{ venueId: 35 venueName: \\"The Stoop\\" } update:{ venueId: 35 venueName: \\"The Stoop\\" } ) { id venueId } }",
  "mutation { upsertVenue( where: { venueId: 37 } create:{ venueId: 37 venueName: \\"Welford Road\\" } update:{ venueId: 37 venueName: \\"Welford Road\\" } ) { id venueId } }",
  "mutation { upsertVenue( where: { venueId: 38 } create:{ venueId: 38 venueName: \\"Twickenham\\" } update:{ venueId: 38 venueName: \\"Twickenham\\" } ) { id venueId } }",
  "mutation { upsertVenue( where: { venueId: 132 } create:{ venueId: 132 venueName: \\"Ricoh Arena\\" } update:{ venueId: 132 venueName: \\"Ricoh Arena\\" } ) { id venueId } }",
  "mutation { upsertVenue( where: { venueId: 149 } create:{ venueId: 149 venueName: \\"Wembley Stadium\\" } update:{ venueId: 149 venueName: \\"Wembley Stadium\\" } ) { id venueId } }",
  "mutation { upsertVenue( where: { venueId: 209 } create:{ venueId: 209 venueName: \\"Sandy Park\\" } update:{ venueId: 209 venueName: \\"Sandy Park\\" } ) { id venueId } }",
  "mutation { upsertVenue( where: { venueId: 220 } create:{ venueId: 220 venueName: \\"stadium:mk\\" } update:{ venueId: 220 venueName: \\"stadium:mk\\" } ) { id venueId } }",
  "mutation { upsertVenue( where: { venueId: 253 } create:{ venueId: 253 venueName: \\"AJ Bell Stadium\\" } update:{ venueId: 253 venueName: \\"AJ Bell Stadium\\" } ) { id venueId } }",
  "mutation { upsertVenue( where: { venueId: 254 } create:{ venueId: 254 venueName: \\"Kassam Stadium\\" } update:{ venueId: 254 venueName: \\"Kassam Stadium\\" } ) { id venueId } }",
  "mutation { upsertVenue( where: { venueId: 255 } create:{ venueId: 255 venueName: \\"Allianz Park\\" } update:{ venueId: 255 venueName: \\"Allianz Park\\" } ) { id venueId } }",
]
`;

exports[`creates mutations 3`] = `
Array [
  "mutation { upsertFixture( where: { fixtureId: 115014 } create: { fixtureId: 115014 fixtureDate: \\"2014-09-05T18:45:00+0000\\" round: 1 venue: { connect: { venueId: 28 } } homeTeam: { connect: { teamId: 1400 } } awayTeam: { connect: { teamId: 1100 } } homeScore: 53 awayScore: 6 } update: { fixtureId: 115014 fixtureDate: \\"2014-09-05T18:45:00+0000\\" round: 1 venue: { connect: { venueId: 28 } } homeTeam: { connect: { teamId: 1400 } } awayTeam: { connect: { teamId: 1100 } } homeScore: 53 awayScore: 6 } ) { id fixtureId homeTeam { teamId name } awayTeam { teamId name } venue { venueName } } }",
  "mutation { upsertFixture( where: { fixtureId: 115015 } create: { fixtureId: 115015 fixtureDate: \\"2014-09-06T13:00:00+0000\\" round: 1 venue: { connect: { venueId: 253 } } homeTeam: { connect: { teamId: 1450 } } awayTeam: { connect: { teamId: 1000 } } homeScore: 20 awayScore: 29 } update: { fixtureId: 115015 fixtureDate: \\"2014-09-06T13:00:00+0000\\" round: 1 venue: { connect: { venueId: 253 } } homeTeam: { connect: { teamId: 1450 } } awayTeam: { connect: { teamId: 1000 } } homeScore: 20 awayScore: 29 } ) { id fixtureId homeTeam { teamId name } awayTeam { teamId name } venue { venueName } } }",
  "mutation { upsertFixture( where: { fixtureId: 115016 } create: { fixtureId: 115016 fixtureDate: \\"2014-09-06T13:00:00+0000\\" round: 1 venue: { connect: { venueId: 38 } } homeTeam: { connect: { teamId: 1500 } } awayTeam: { connect: { teamId: 1550 } } homeScore: 34 awayScore: 28 } update: { fixtureId: 115016 fixtureDate: \\"2014-09-06T13:00:00+0000\\" round: 1 venue: { connect: { venueId: 38 } } homeTeam: { connect: { teamId: 1500 } } awayTeam: { connect: { teamId: 1550 } } homeScore: 34 awayScore: 28 } ) { id fixtureId homeTeam { teamId name } awayTeam { teamId name } venue { venueName } } }",
  "mutation { upsertFixture( where: { fixtureId: 115011 } create: { fixtureId: 115011 fixtureDate: \\"2014-09-06T14:00:00+0000\\" round: 1 venue: { connect: { venueId: 37 } } homeTeam: { connect: { teamId: 1250 } } awayTeam: { connect: { teamId: 1350 } } homeScore: 36 awayScore: 17 } update: { fixtureId: 115011 fixtureDate: \\"2014-09-06T14:00:00+0000\\" round: 1 venue: { connect: { venueId: 37 } } homeTeam: { connect: { teamId: 1250 } } awayTeam: { connect: { teamId: 1350 } } homeScore: 36 awayScore: 17 } ) { id fixtureId homeTeam { teamId name } awayTeam { teamId name } venue { venueName } } }",
  "mutation { upsertFixture( where: { fixtureId: 115012 } create: { fixtureId: 115012 fixtureDate: \\"2014-09-06T15:30:00+0000\\" round: 1 venue: { connect: { venueId: 38 } } homeTeam: { connect: { teamId: 1300 } } awayTeam: { connect: { teamId: 1150 } } homeScore: 15 awayScore: 20 } update: { fixtureId: 115012 fixtureDate: \\"2014-09-06T15:30:00+0000\\" round: 1 venue: { connect: { venueId: 38 } } homeTeam: { connect: { teamId: 1300 } } awayTeam: { connect: { teamId: 1150 } } homeScore: 15 awayScore: 20 } ) { id fixtureId homeTeam { teamId name } awayTeam { teamId name } venue { venueName } } }",
  "mutation { upsertFixture( where: { fixtureId: 115013 } create: { fixtureId: 115013 fixtureDate: \\"2014-09-07T13:00:00+0000\\" round: 1 venue: { connect: { venueId: 254 } } homeTeam: { connect: { teamId: 78 } } awayTeam: { connect: { teamId: 84 } } homeScore: 0 awayScore: 52 } update: { fixtureId: 115013 fixtureDate: \\"2014-09-07T13:00:00+0000\\" round: 1 venue: { connect: { venueId: 254 } } homeTeam: { connect: { teamId: 78 } } awayTeam: { connect: { teamId: 84 } } homeScore: 0 awayScore: 52 } ) { id fixtureId homeTeam { teamId name } awayTeam { teamId name } venue { venueName } } }",
  "mutation { upsertFixture( where: { fixtureId: 115024 } create: { fixtureId: 115024 fixtureDate: \\"2014-09-12T18:45:00+0000\\" round: 2 venue: { connect: { venueId: 35 } } homeTeam: { connect: { teamId: 1150 } } awayTeam: { connect: { teamId: 1500 } } homeScore: 0 awayScore: 39 } update: { fixtureId: 115024 fixtureDate: \\"2014-09-12T18:45:00+0000\\" round: 2 venue: { connect: { venueId: 35 } } homeTeam: { connect: { teamId: 1150 } } awayTeam: { connect: { teamId: 1500 } } homeScore: 0 awayScore: 39 } ) { id fixtureId homeTeam { teamId name } awayTeam { teamId name } venue { venueName } } }",
  "mutation { upsertFixture( where: { fixtureId: 115021 } create: { fixtureId: 115021 fixtureDate: \\"2014-09-13T14:00:00+0000\\" round: 2 venue: { connect: { venueId: 33 } } homeTeam: { connect: { teamId: 1000 } } awayTeam: { connect: { teamId: 78 } } homeScore: 53 awayScore: 26 } update: { fixtureId: 115021 fixtureDate: \\"2014-09-13T14:00:00+0000\\" round: 2 venue: { connect: { venueId: 33 } } homeTeam: { connect: { teamId: 1000 } } awayTeam: { connect: { teamId: 78 } } homeScore: 53 awayScore: 26 } ) { id fixtureId homeTeam { teamId name } awayTeam { teamId name } venue { venueName } } }",
  "mutation { upsertFixture( where: { fixtureId: 115023 } create: { fixtureId: 115023 fixtureDate: \\"2014-09-13T14:00:00+0000\\" round: 2 venue: { connect: { venueId: 30 } } homeTeam: { connect: { teamId: 1100 } } awayTeam: { connect: { teamId: 1450 } } homeScore: 34 awayScore: 27 } update: { fixtureId: 115023 fixtureDate: \\"2014-09-13T14:00:00+0000\\" round: 2 venue: { connect: { venueId: 30 } } homeTeam: { connect: { teamId: 1100 } } awayTeam: { connect: { teamId: 1450 } } homeScore: 34 awayScore: 27 } ) { id fixtureId homeTeam { teamId name } awayTeam { teamId name } venue { venueName } } }",
  "mutation { upsertFixture( where: { fixtureId: 115022 } create: { fixtureId: 115022 fixtureDate: \\"2014-09-13T14:15:00+0000\\" round: 2 venue: { connect: { venueId: 209 } } homeTeam: { connect: { teamId: 84 } } awayTeam: { connect: { teamId: 1250 } } homeScore: 20 awayScore: 24 } update: { fixtureId: 115022 fixtureDate: \\"2014-09-13T14:15:00+0000\\" round: 2 venue: { connect: { venueId: 209 } } homeTeam: { connect: { teamId: 84 } } awayTeam: { connect: { teamId: 1250 } } homeScore: 20 awayScore: 24 } ) { id fixtureId homeTeam { teamId name } awayTeam { teamId name } venue { venueName } } }",
  "mutation { upsertFixture( where: { fixtureId: 115026 } create: { fixtureId: 115026 fixtureDate: \\"2014-09-14T13:00:00+0000\\" round: 2 venue: { connect: { venueId: 25 } } homeTeam: { connect: { teamId: 1550 } } awayTeam: { connect: { teamId: 1400 } } homeScore: 20 awayScore: 16 } update: { fixtureId: 115026 fixtureDate: \\"2014-09-14T13:00:00+0000\\" round: 2 venue: { connect: { venueId: 25 } } homeTeam: { connect: { teamId: 1550 } } awayTeam: { connect: { teamId: 1400 } } homeScore: 20 awayScore: 16 } ) { id fixtureId homeTeam { teamId name } awayTeam { teamId name } venue { venueName } } }",
  "mutation { upsertFixture( where: { fixtureId: 115025 } create: { fixtureId: 115025 fixtureDate: \\"2014-09-14T14:00:00+0000\\" round: 2 venue: { connect: { venueId: 31 } } homeTeam: { connect: { teamId: 1350 } } awayTeam: { connect: { teamId: 1300 } } homeScore: 18 awayScore: 20 } update: { fixtureId: 115025 fixtureDate: \\"2014-09-14T14:00:00+0000\\" round: 2 venue: { connect: { venueId: 31 } } homeTeam: { connect: { teamId: 1350 } } awayTeam: { connect: { teamId: 1300 } } homeScore: 18 awayScore: 20 } ) { id fixtureId homeTeam { teamId name } awayTeam { teamId name } venue { venueName } } }",
  "mutation { upsertFixture( where: { fixtureId: 115032 } create: { fixtureId: 115032 fixtureDate: \\"2014-09-19T18:45:00+0000\\" round: 3 venue: { connect: { venueId: 30 } } homeTeam: { connect: { teamId: 1100 } } awayTeam: { connect: { teamId: 84 } } homeScore: 22 awayScore: 25 } update: { fixtureId: 115032 fixtureDate: \\"2014-09-19T18:45:00+0000\\" round: 3 venue: { connect: { venueId: 30 } } homeTeam: { connect: { teamId: 1100 } } awayTeam: { connect: { teamId: 84 } } homeScore: 22 awayScore: 25 } ) { id fixtureId homeTeam { teamId name } awayTeam { teamId name } venue { venueName } } }",
  "mutation { upsertFixture( where: { fixtureId: 115036 } create: { fixtureId: 115036 fixtureDate: \\"2014-09-20T13:00:00+0000\\" round: 3 venue: { connect: { venueId: 253 } } homeTeam: { connect: { teamId: 1450 } } awayTeam: { connect: { teamId: 78 } } homeScore: 46 awayScore: 8 } update: { fixtureId: 115036 fixtureDate: \\"2014-09-20T13:00:00+0000\\" round: 3 venue: { connect: { venueId: 253 } } homeTeam: { connect: { teamId: 1450 } } awayTeam: { connect: { teamId: 78 } } homeScore: 46 awayScore: 8 } ) { id fixtureId homeTeam { teamId name } awayTeam { teamId name } venue { venueName } } }",
  "mutation { upsertFixture( where: { fixtureId: 115033 } create: { fixtureId: 115033 fixtureDate: \\"2014-09-20T14:00:00+0000\\" round: 3 venue: { connect: { venueId: 35 } } homeTeam: { connect: { teamId: 1150 } } awayTeam: { connect: { teamId: 1550 } } homeScore: 26 awayScore: 23 } update: { fixtureId: 115033 fixtureDate: \\"2014-09-20T14:00:00+0000\\" round: 3 venue: { connect: { venueId: 35 } } homeTeam: { connect: { teamId: 1150 } } awayTeam: { connect: { teamId: 1550 } } homeScore: 26 awayScore: 23 } ) { id fixtureId homeTeam { teamId name } awayTeam { teamId name } venue { venueName } } }",
  "mutation { upsertFixture( where: { fixtureId: 115034 } create: { fixtureId: 115034 fixtureDate: \\"2014-09-20T14:00:00+0000\\" round: 3 venue: { connect: { venueId: 32 } } homeTeam: { connect: { teamId: 1300 } } awayTeam: { connect: { teamId: 1500 } } homeScore: 32 awayScore: 36 } update: { fixtureId: 115034 fixtureDate: \\"2014-09-20T14:00:00+0000\\" round: 3 venue: { connect: { venueId: 32 } } homeTeam: { connect: { teamId: 1300 } } awayTeam: { connect: { teamId: 1500 } } homeScore: 32 awayScore: 36 } ) { id fixtureId homeTeam { teamId name } awayTeam { teamId name } venue { venueName } } }",
  "mutation { upsertFixture( where: { fixtureId: 115031 } create: { fixtureId: 115031 fixtureDate: \\"2014-09-20T14:15:00+0000\\" round: 3 venue: { connect: { venueId: 33 } } homeTeam: { connect: { teamId: 1000 } } awayTeam: { connect: { teamId: 1250 } } homeScore: 45 awayScore: 0 } update: { fixtureId: 115031 fixtureDate: \\"2014-09-20T14:15:00+0000\\" round: 3 venue: { connect: { venueId: 33 } } homeTeam: { connect: { teamId: 1000 } } awayTeam: { connect: { teamId: 1250 } } homeScore: 45 awayScore: 0 } ) { id fixtureId homeTeam { teamId name } awayTeam { teamId name } venue { venueName } } }",
  "mutation { upsertFixture( where: { fixtureId: 115035 } create: { fixtureId: 115035 fixtureDate: \\"2014-09-21T13:00:00+0000\\" round: 3 venue: { connect: { venueId: 31 } } homeTeam: { connect: { teamId: 1350 } } awayTeam: { connect: { teamId: 1400 } } homeScore: 10 awayScore: 35 } update: { fixtureId: 115035 fixtureDate: \\"2014-09-21T13:00:00+0000\\" round: 3 venue: { connect: { venueId: 31 } } homeTeam: { connect: { teamId: 1350 } } awayTeam: { connect: { teamId: 1400 } } homeScore: 10 awayScore: 35 } ) { id fixtureId homeTeam { teamId name } awayTeam { teamId name } venue { venueName } } }",
  "mutation { upsertFixture( where: { fixtureId: 115043 } create: { fixtureId: 115043 fixtureDate: \\"2014-09-26T18:45:00+0000\\" round: 4 venue: { connect: { venueId: 254 } } homeTeam: { connect: { teamId: 78 } } awayTeam: { connect: { teamId: 1100 } } homeScore: 10 awayScore: 46 } update: { fixtureId: 115043 fixtureDate: \\"2014-09-26T18:45:00+0000\\" round: 4 venue: { connect: { venueId: 254 } } homeTeam: { connect: { teamId: 78 } } awayTeam: { connect: { teamId: 1100 } } homeScore: 10 awayScore: 46 } ) { id fixtureId homeTeam { teamId name } awayTeam { teamId name } venue { venueName } } }",
  "mutation { upsertFixture( where: { fixtureId: 115042 } create: { fixtureId: 115042 fixtureDate: \\"2014-09-27T14:00:00+0000\\" round: 4 venue: { connect: { venueId: 37 } } homeTeam: { connect: { teamId: 1250 } } awayTeam: { connect: { teamId: 1300 } } homeScore: 19 awayScore: 22 } update: { fixtureId: 115042 fixtureDate: \\"2014-09-27T14:00:00+0000\\" round: 4 venue: { connect: { venueId: 37 } } homeTeam: { connect: { teamId: 1250 } } awayTeam: { connect: { teamId: 1300 } } homeScore: 19 awayScore: 22 } ) { id fixtureId homeTeam { teamId name } awayTeam { teamId name } venue { venueName } } }",
  "mutation { upsertFixture( where: { fixtureId: 115045 } create: { fixtureId: 115045 fixtureDate: \\"2014-09-27T14:00:00+0000\\" round: 4 venue: { connect: { venueId: 255 } } homeTeam: { connect: { teamId: 1500 } } awayTeam: { connect: { teamId: 1450 } } homeScore: 40 awayScore: 19 } update: { fixtureId: 115045 fixtureDate: \\"2014-09-27T14:00:00+0000\\" round: 4 venue: { connect: { venueId: 255 } } homeTeam: { connect: { teamId: 1500 } } awayTeam: { connect: { teamId: 1450 } } homeScore: 40 awayScore: 19 } ) { id fixtureId homeTeam { teamId name } awayTeam { teamId name } venue { venueName } } }",
  "mutation { upsertFixture( where: { fixtureId: 115044 } create: { fixtureId: 115044 fixtureDate: \\"2014-09-27T14:15:00+0000\\" round: 4 venue: { connect: { venueId: 28 } } homeTeam: { connect: { teamId: 1400 } } awayTeam: { connect: { teamId: 1000 } } homeScore: 31 awayScore: 24 } update: { fixtureId: 115044 fixtureDate: \\"2014-09-27T14:15:00+0000\\" round: 4 venue: { connect: { venueId: 28 } } homeTeam: { connect: { teamId: 1400 } } awayTeam: { connect: { teamId: 1000 } } homeScore: 31 awayScore: 24 } ) { id fixtureId homeTeam { teamId name } awayTeam { teamId name } venue { venueName } } }",
  "mutation { upsertFixture( where: { fixtureId: 115041 } create: { fixtureId: 115041 fixtureDate: \\"2014-09-28T13:00:00+0000\\" round: 4 venue: { connect: { venueId: 209 } } homeTeam: { connect: { teamId: 84 } } awayTeam: { connect: { teamId: 1150 } } homeScore: 36 awayScore: 13 } update: { fixtureId: 115041 fixtureDate: \\"2014-09-28T13:00:00+0000\\" round: 4 venue: { connect: { venueId: 209 } } homeTeam: { connect: { teamId: 84 } } awayTeam: { connect: { teamId: 1150 } } homeScore: 36 awayScore: 13 } ) { id fixtureId homeTeam { teamId name } awayTeam { teamId name } venue { venueName } } }",
  "mutation { upsertFixture( where: { fixtureId: 115046 } create: { fixtureId: 115046 fixtureDate: \\"2014-09-28T13:00:00+0000\\" round: 4 venue: { connect: { venueId: 25 } } homeTeam: { connect: { teamId: 1550 } } awayTeam: { connect: { teamId: 1350 } } homeScore: 35 awayScore: 18 } update: { fixtureId: 115046 fixtureDate: \\"2014-09-28T13:00:00+0000\\" round: 4 venue: { connect: { venueId: 25 } } homeTeam: { connect: { teamId: 1550 } } awayTeam: { connect: { teamId: 1350 } } homeScore: 35 awayScore: 18 } ) { id fixtureId homeTeam { teamId name } awayTeam { teamId name } venue { venueName } } }",
  "mutation { upsertFixture( where: { fixtureId: 115051 } create: { fixtureId: 115051 fixtureDate: \\"2014-10-03T18:45:00+0000\\" round: 5 venue: { connect: { venueId: 33 } } homeTeam: { connect: { teamId: 1000 } } awayTeam: { connect: { teamId: 1500 } } homeScore: 21 awayScore: 11 } update: { fixtureId: 115051 fixtureDate: \\"2014-10-03T18:45:00+0000\\" round: 5 venue: { connect: { venueId: 33 } } homeTeam: { connect: { teamId: 1000 } } awayTeam: { connect: { teamId: 1500 } } homeScore: 21 awayScore: 11 } ) { id fixtureId homeTeam { teamId name } awayTeam { teamId name } venue { venueName } } }",
  "mutation { upsertFixture( where: { fixtureId: 115053 } create: { fixtureId: 115053 fixtureDate: \\"2014-10-04T14:00:00+0000\\" round: 5 venue: { connect: { venueId: 35 } } homeTeam: { connect: { teamId: 1150 } } awayTeam: { connect: { teamId: 78 } } homeScore: 52 awayScore: 0 } update: { fixtureId: 115053 fixtureDate: \\"2014-10-04T14:00:00+0000\\" round: 5 venue: { connect: { venueId: 35 } } homeTeam: { connect: { teamId: 1150 } } awayTeam: { connect: { teamId: 78 } } homeScore: 52 awayScore: 0 } ) { id fixtureId homeTeam { teamId name } awayTeam { teamId name } venue { venueName } } }",
  "mutation { upsertFixture( where: { fixtureId: 115054 } create: { fixtureId: 115054 fixtureDate: \\"2014-10-04T14:00:00+0000\\" round: 5 venue: { connect: { venueId: 32 } } homeTeam: { connect: { teamId: 1300 } } awayTeam: { connect: { teamId: 1400 } } homeScore: 12 awayScore: 19 } update: { fixtureId: 115054 fixtureDate: \\"2014-10-04T14:00:00+0000\\" round: 5 venue: { connect: { venueId: 32 } } homeTeam: { connect: { teamId: 1300 } } awayTeam: { connect: { teamId: 1400 } } homeScore: 12 awayScore: 19 } ) { id fixtureId homeTeam { teamId name } awayTeam { teamId name } venue { venueName } } }",
  "mutation { upsertFixture( where: { fixtureId: 115052 } create: { fixtureId: 115052 fixtureDate: \\"2014-10-04T14:15:00+0000\\" round: 5 venue: { connect: { venueId: 30 } } homeTeam: { connect: { teamId: 1100 } } awayTeam: { connect: { teamId: 1250 } } homeScore: 33 awayScore: 16 } update: { fixtureId: 115052 fixtureDate: \\"2014-10-04T14:15:00+0000\\" round: 5 venue: { connect: { venueId: 30 } } homeTeam: { connect: { teamId: 1100 } } awayTeam: { connect: { teamId: 1250 } } homeScore: 33 awayScore: 16 } ) { id fixtureId homeTeam { teamId name } awayTeam { teamId name } venue { venueName } } }",
  "mutation { upsertFixture( where: { fixtureId: 115056 } create: { fixtureId: 115056 fixtureDate: \\"2014-10-05T13:00:00+0000\\" round: 5 venue: { connect: { venueId: 253 } } homeTeam: { connect: { teamId: 1450 } } awayTeam: { connect: { teamId: 1550 } } homeScore: 25 awayScore: 14 } update: { fixtureId: 115056 fixtureDate: \\"2014-10-05T13:00:00+0000\\" round: 5 venue: { connect: { venueId: 253 } } homeTeam: { connect: { teamId: 1450 } } awayTeam: { connect: { teamId: 1550 } } homeScore: 25 awayScore: 14 } ) { id fixtureId homeTeam { teamId name } awayTeam { teamId name } venue { venueName } } }",
  "mutation { upsertFixture( where: { fixtureId: 115055 } create: { fixtureId: 115055 fixtureDate: \\"2014-10-05T14:00:00+0000\\" round: 5 venue: { connect: { venueId: 31 } } homeTeam: { connect: { teamId: 1350 } } awayTeam: { connect: { teamId: 84 } } homeScore: 29 awayScore: 24 } update: { fixtureId: 115055 fixtureDate: \\"2014-10-05T14:00:00+0000\\" round: 5 venue: { connect: { venueId: 31 } } homeTeam: { connect: { teamId: 1350 } } awayTeam: { connect: { teamId: 84 } } homeScore: 29 awayScore: 24 } ) { id fixtureId homeTeam { teamId name } awayTeam { teamId name } venue { venueName } } }",
  "mutation { upsertFixture( where: { fixtureId: 115062 } create: { fixtureId: 115062 fixtureDate: \\"2014-10-10T18:45:00+0000\\" round: 6 venue: { connect: { venueId: 37 } } homeTeam: { connect: { teamId: 1250 } } awayTeam: { connect: { teamId: 1150 } } homeScore: 22 awayScore: 16 } update: { fixtureId: 115062 fixtureDate: \\"2014-10-10T18:45:00+0000\\" round: 6 venue: { connect: { venueId: 37 } } homeTeam: { connect: { teamId: 1250 } } awayTeam: { connect: { teamId: 1150 } } homeScore: 22 awayScore: 16 } ) { id fixtureId homeTeam { teamId name } awayTeam { teamId name } venue { venueName } } }",
  "mutation { upsertFixture( where: { fixtureId: 115063 } create: { fixtureId: 115063 fixtureDate: \\"2014-10-11T13:30:00+0000\\" round: 6 venue: { connect: { venueId: 254 } } homeTeam: { connect: { teamId: 78 } } awayTeam: { connect: { teamId: 1350 } } homeScore: 3 awayScore: 23 } update: { fixtureId: 115063 fixtureDate: \\"2014-10-11T13:30:00+0000\\" round: 6 venue: { connect: { venueId: 254 } } homeTeam: { connect: { teamId: 78 } } awayTeam: { connect: { teamId: 1350 } } homeScore: 3 awayScore: 23 } ) { id fixtureId homeTeam { teamId name } awayTeam { teamId name } venue { venueName } } }",
  "mutation { upsertFixture( where: { fixtureId: 115061 } create: { fixtureId: 115061 fixtureDate: \\"2014-10-11T14:00:00+0000\\" round: 6 venue: { connect: { venueId: 209 } } homeTeam: { connect: { teamId: 84 } } awayTeam: { connect: { teamId: 1300 } } homeScore: 44 awayScore: 24 } update: { fixtureId: 115061 fixtureDate: \\"2014-10-11T14:00:00+0000\\" round: 6 venue: { connect: { venueId: 209 } } homeTeam: { connect: { teamId: 84 } } awayTeam: { connect: { teamId: 1300 } } homeScore: 44 awayScore: 24 } ) { id fixtureId homeTeam { teamId name } awayTeam { teamId name } venue { venueName } } }",
  "mutation { upsertFixture( where: { fixtureId: 115065 } create: { fixtureId: 115065 fixtureDate: \\"2014-10-11T14:00:00+0000\\" round: 6 venue: { connect: { venueId: 255 } } homeTeam: { connect: { teamId: 1500 } } awayTeam: { connect: { teamId: 1100 } } homeScore: 28 awayScore: 21 } update: { fixtureId: 115065 fixtureDate: \\"2014-10-11T14:00:00+0000\\" round: 6 venue: { connect: { venueId: 255 } } homeTeam: { connect: { teamId: 1500 } } awayTeam: { connect: { teamId: 1100 } } homeScore: 28 awayScore: 21 } ) { id fixtureId homeTeam { teamId name } awayTeam { teamId name } venue { venueName } } }",
  "mutation { upsertFixture( where: { fixtureId: 115064 } create: { fixtureId: 115064 fixtureDate: \\"2014-10-11T14:15:00+0000\\" round: 6 venue: { connect: { venueId: 28 } } homeTeam: { connect: { teamId: 1400 } } awayTeam: { connect: { teamId: 1450 } } homeScore: 43 awayScore: 10 } update: { fixtureId: 115064 fixtureDate: \\"2014-10-11T14:15:00+0000\\" round: 6 venue: { connect: { venueId: 28 } } homeTeam: { connect: { teamId: 1400 } } awayTeam: { connect: { teamId: 1450 } } homeScore: 43 awayScore: 10 } ) { id fixtureId homeTeam { teamId name } awayTeam { teamId name } venue { venueName } } }",
  "mutation { upsertFixture( where: { fixtureId: 115066 } create: { fixtureId: 115066 fixtureDate: \\"2014-10-12T13:00:00+0000\\" round: 6 venue: { connect: { venueId: 25 } } homeTeam: { connect: { teamId: 1550 } } awayTeam: { connect: { teamId: 1000 } } homeScore: 29 awayScore: 22 } update: { fixtureId: 115066 fixtureDate: \\"2014-10-12T13:00:00+0000\\" round: 6 venue: { connect: { venueId: 25 } } homeTeam: { connect: { teamId: 1550 } } awayTeam: { connect: { teamId: 1000 } } homeScore: 29 awayScore: 22 } ) { id fixtureId homeTeam { teamId name } awayTeam { teamId name } venue { venueName } } }",
  "mutation { upsertFixture( where: { fixtureId: 115072 } create: { fixtureId: 115072 fixtureDate: \\"2014-11-14T19:45:00+0000\\" round: 7 venue: { connect: { venueId: 30 } } homeTeam: { connect: { teamId: 1100 } } awayTeam: { connect: { teamId: 1150 } } homeScore: 15 awayScore: 22 } update: { fixtureId: 115072 fixtureDate: \\"2014-11-14T19:45:00+0000\\" round: 7 venue: { connect: { venueId: 30 } } homeTeam: { connect: { teamId: 1100 } } awayTeam: { connect: { teamId: 1150 } } homeScore: 15 awayScore: 22 } ) { id fixtureId homeTeam { teamId name } awayTeam { teamId name } venue { venueName } } }",
  "mutation { upsertFixture( where: { fixtureId: 115074 } create: { fixtureId: 115074 fixtureDate: \\"2014-11-14T19:45:00+0000\\" round: 7 venue: { connect: { venueId: 28 } } homeTeam: { connect: { teamId: 1400 } } awayTeam: { connect: { teamId: 84 } } homeScore: 18 awayScore: 24 } update: { fixtureId: 115074 fixtureDate: \\"2014-11-14T19:45:00+0000\\" round: 7 venue: { connect: { venueId: 28 } } homeTeam: { connect: { teamId: 1400 } } awayTeam: { connect: { teamId: 84 } } homeScore: 18 awayScore: 24 } ) { id fixtureId homeTeam { teamId name } awayTeam { teamId name } venue { venueName } } }",
  "mutation { upsertFixture( where: { fixtureId: 115075 } create: { fixtureId: 115075 fixtureDate: \\"2014-11-15T12:00:00+0000\\" round: 7 venue: { connect: { venueId: 253 } } homeTeam: { connect: { teamId: 1450 } } awayTeam: { connect: { teamId: 1300 } } homeScore: 36 awayScore: 8 } update: { fixtureId: 115075 fixtureDate: \\"2014-11-15T12:00:00+0000\\" round: 7 venue: { connect: { venueId: 253 } } homeTeam: { connect: { teamId: 1450 } } awayTeam: { connect: { teamId: 1300 } } homeScore: 36 awayScore: 8 } ) { id fixtureId homeTeam { teamId name } awayTeam { teamId name } venue { venueName } } }",
  "mutation { upsertFixture( where: { fixtureId: 115071 } create: { fixtureId: 115071 fixtureDate: \\"2014-11-15T17:00:00+0000\\" round: 7 venue: { connect: { venueId: 33 } } homeTeam: { connect: { teamId: 1000 } } awayTeam: { connect: { teamId: 1350 } } homeScore: 23 awayScore: 14 } update: { fixtureId: 115071 fixtureDate: \\"2014-11-15T17:00:00+0000\\" round: 7 venue: { connect: { venueId: 33 } } homeTeam: { connect: { teamId: 1000 } } awayTeam: { connect: { teamId: 1350 } } homeScore: 23 awayScore: 14 } ) { id fixtureId homeTeam { teamId name } awayTeam { teamId name } venue { venueName } } }",
  "mutation { upsertFixture( where: { fixtureId: 115073 } create: { fixtureId: 115073 fixtureDate: \\"2014-11-16T13:00:00+0000\\" round: 7 venue: { connect: { venueId: 37 } } homeTeam: { connect: { teamId: 1250 } } awayTeam: { connect: { teamId: 1500 } } homeScore: 21 awayScore: 21 } update: { fixtureId: 115073 fixtureDate: \\"2014-11-16T13:00:00+0000\\" round: 7 venue: { connect: { venueId: 37 } } homeTeam: { connect: { teamId: 1250 } } awayTeam: { connect: { teamId: 1500 } } homeScore: 21 awayScore: 21 } ) { id fixtureId homeTeam { teamId name } awayTeam { teamId name } venue { venueName } } }",
  "mutation { upsertFixture( where: { fixtureId: 115076 } create: { fixtureId: 115076 fixtureDate: \\"2014-11-16T15:15:00+0000\\" round: 7 venue: { connect: { venueId: 25 } } homeTeam: { connect: { teamId: 1550 } } awayTeam: { connect: { teamId: 78 } } homeScore: 71 awayScore: 7 } update: { fixtureId: 115076 fixtureDate: \\"2014-11-16T15:15:00+0000\\" round: 7 venue: { connect: { venueId: 25 } } homeTeam: { connect: { teamId: 1550 } } awayTeam: { connect: { teamId: 78 } } homeScore: 71 awayScore: 7 } ) { id fixtureId homeTeam { teamId name } awayTeam { teamId name } venue { venueName } } }",
  "mutation { upsertFixture( where: { fixtureId: 115082 } create: { fixtureId: 115082 fixtureDate: \\"2014-11-21T19:45:00+0000\\" round: 8 venue: { connect: { venueId: 35 } } homeTeam: { connect: { teamId: 1150 } } awayTeam: { connect: { teamId: 1450 } } homeScore: 12 awayScore: 16 } update: { fixtureId: 115082 fixtureDate: \\"2014-11-21T19:45:00+0000\\" round: 8 venue: { connect: { venueId: 35 } } homeTeam: { connect: { teamId: 1150 } } awayTeam: { connect: { teamId: 1450 } } homeScore: 12 awayScore: 16 } ) { id fixtureId homeTeam { teamId name } awayTeam { teamId name } venue { venueName } } }",
  "mutation { upsertFixture( where: { fixtureId: 115085 } create: { fixtureId: 115085 fixtureDate: \\"2014-11-21T20:00:00+0000\\" round: 8 venue: { connect: { venueId: 31 } } homeTeam: { connect: { teamId: 1350 } } awayTeam: { connect: { teamId: 1100 } } homeScore: 20 awayScore: 10 } update: { fixtureId: 115085 fixtureDate: \\"2014-11-21T20:00:00+0000\\" round: 8 venue: { connect: { venueId: 31 } } homeTeam: { connect: { teamId: 1350 } } awayTeam: { connect: { teamId: 1100 } } homeScore: 20 awayScore: 10 } ) { id fixtureId homeTeam { teamId name } awayTeam { teamId name } venue { venueName } } }",
  "mutation { upsertFixture( where: { fixtureId: 115081 } create: { fixtureId: 115081 fixtureDate: \\"2014-11-22T15:00:00+0000\\" round: 8 venue: { connect: { venueId: 209 } } homeTeam: { connect: { teamId: 84 } } awayTeam: { connect: { teamId: 1550 } } homeScore: 31 awayScore: 15 } update: { fixtureId: 115081 fixtureDate: \\"2014-11-22T15:00:00+0000\\" round: 8 venue: { connect: { venueId: 209 } } homeTeam: { connect: { teamId: 84 } } awayTeam: { connect: { teamId: 1550 } } homeScore: 31 awayScore: 15 } ) { id fixtureId homeTeam { teamId name } awayTeam { teamId name } venue { venueName } } }",
  "mutation { upsertFixture( where: { fixtureId: 115083 } create: { fixtureId: 115083 fixtureDate: \\"2014-11-22T15:00:00+0000\\" round: 8 venue: { connect: { venueId: 32 } } homeTeam: { connect: { teamId: 1300 } } awayTeam: { connect: { teamId: 1000 } } homeScore: 23 awayScore: 33 } update: { fixtureId: 115083 fixtureDate: \\"2014-11-22T15:00:00+0000\\" round: 8 venue: { connect: { venueId: 32 } } homeTeam: { connect: { teamId: 1300 } } awayTeam: { connect: { teamId: 1000 } } homeScore: 23 awayScore: 33 } ) { id fixtureId homeTeam { teamId name } awayTeam { teamId name } venue { venueName } } }",
  "mutation { upsertFixture( where: { fixtureId: 115086 } create: { fixtureId: 115086 fixtureDate: \\"2014-11-23T13:00:00+0000\\" round: 8 venue: { connect: { venueId: 255 } } homeTeam: { connect: { teamId: 1500 } } awayTeam: { connect: { teamId: 1400 } } homeScore: 24 awayScore: 31 } update: { fixtureId: 115086 fixtureDate: \\"2014-11-23T13:00:00+0000\\" round: 8 venue: { connect: { venueId: 255 } } homeTeam: { connect: { teamId: 1500 } } awayTeam: { connect: { teamId: 1400 } } homeScore: 24 awayScore: 31 } ) { id fixtureId homeTeam { teamId name } awayTeam { teamId name } venue { venueName } } }",
  "mutation { upsertFixture( where: { fixtureId: 115084 } create: { fixtureId: 115084 fixtureDate: \\"2014-11-23T15:15:00+0000\\" round: 8 venue: { connect: { venueId: 254 } } homeTeam: { connect: { teamId: 78 } } awayTeam: { connect: { teamId: 1250 } } homeScore: 5 awayScore: 26 } update: { fixtureId: 115084 fixtureDate: \\"2014-11-23T15:15:00+0000\\" round: 8 venue: { connect: { venueId: 254 } } homeTeam: { connect: { teamId: 78 } } awayTeam: { connect: { teamId: 1250 } } homeScore: 5 awayScore: 26 } ) { id fixtureId homeTeam { teamId name } awayTeam { teamId name } venue { venueName } } }",
  "mutation { upsertFixture( where: { fixtureId: 115091 } create: { fixtureId: 115091 fixtureDate: \\"2014-11-28T19:45:00+0000\\" round: 9 venue: { connect: { venueId: 33 } } homeTeam: { connect: { teamId: 1000 } } awayTeam: { connect: { teamId: 1150 } } homeScore: 25 awayScore: 6 } update: { fixtureId: 115091 fixtureDate: \\"2014-11-28T19:45:00+0000\\" round: 9 venue: { connect: { venueId: 33 } } homeTeam: { connect: { teamId: 1000 } } awayTeam: { connect: { teamId: 1150 } } homeScore: 25 awayScore: 6 } ) { id fixtureId homeTeam { teamId name } awayTeam { teamId name } venue { venueName } } }",
  "mutation { upsertFixture( where: { fixtureId: 115093 } create: { fixtureId: 115093 fixtureDate: \\"2014-11-29T15:00:00+0000\\" round: 9 venue: { connect: { venueId: 37 } } homeTeam: { connect: { teamId: 1250 } } awayTeam: { connect: { teamId: 1550 } } homeScore: 18 awayScore: 16 } update: { fixtureId: 115093 fixtureDate: \\"2014-11-29T15:00:00+0000\\" round: 9 venue: { connect: { venueId: 37 } } homeTeam: { connect: { teamId: 1250 } } awayTeam: { connect: { teamId: 1550 } } homeScore: 18 awayScore: 16 } ) { id fixtureId homeTeam { teamId name } awayTeam { teamId name } venue { venueName } } }",
  "mutation { upsertFixture( where: { fixtureId: 115092 } create: { fixtureId: 115092 fixtureDate: \\"2014-11-29T16:30:00+0000\\" round: 9 venue: { connect: { venueId: 209 } } homeTeam: { connect: { teamId: 84 } } awayTeam: { connect: { teamId: 1500 } } homeScore: 27 awayScore: 19 } update: { fixtureId: 115092 fixtureDate: \\"2014-11-29T16:30:00+0000\\" round: 9 venue: { connect: { venueId: 209 } } homeTeam: { connect: { teamId: 84 } } awayTeam: { connect: { teamId: 1500 } } homeScore: 27 awayScore: 19 } ) { id fixtureId homeTeam { teamId name } awayTeam { teamId name } venue { venueName } } }",
  "mutation { upsertFixture( where: { fixtureId: 115094 } create: { fixtureId: 115094 fixtureDate: \\"2014-11-30T13:00:00+0000\\" round: 9 venue: { connect: { venueId: 32 } } homeTeam: { connect: { teamId: 1300 } } awayTeam: { connect: { teamId: 1100 } } homeScore: 9 awayScore: 21 } update: { fixtureId: 115094 fixtureDate: \\"2014-11-30T13:00:00+0000\\" round: 9 venue: { connect: { venueId: 32 } } homeTeam: { connect: { teamId: 1300 } } awayTeam: { connect: { teamId: 1100 } } homeScore: 9 awayScore: 21 } ) { id fixtureId homeTeam { teamId name } awayTeam { teamId name } venue { venueName } } }",
  "mutation { upsertFixture( where: { fixtureId: 115095 } create: { fixtureId: 115095 fixtureDate: \\"2014-11-30T14:30:00+0000\\" round: 9 venue: { connect: { venueId: 254 } } homeTeam: { connect: { teamId: 78 } } awayTeam: { connect: { teamId: 1400 } } homeScore: 14 awayScore: 43 } update: { fixtureId: 115095 fixtureDate: \\"2014-11-30T14:30:00+0000\\" round: 9 venue: { connect: { venueId: 254 } } homeTeam: { connect: { teamId: 78 } } awayTeam: { connect: { teamId: 1400 } } homeScore: 14 awayScore: 43 } ) { id fixtureId homeTeam { teamId name } awayTeam { teamId name } venue { venueName } } }",
  "mutation { upsertFixture( where: { fixtureId: 115096 } create: { fixtureId: 115096 fixtureDate: \\"2014-11-30T15:15:00+0000\\" round: 9 venue: { connect: { venueId: 31 } } homeTeam: { connect: { teamId: 1350 } } awayTeam: { connect: { teamId: 1450 } } homeScore: 13 awayScore: 18 } update: { fixtureId: 115096 fixtureDate: \\"2014-11-30T15:15:00+0000\\" round: 9 venue: { connect: { venueId: 31 } } homeTeam: { connect: { teamId: 1350 } } awayTeam: { connect: { teamId: 1450 } } homeScore: 13 awayScore: 18 } ) { id fixtureId homeTeam { teamId name } awayTeam { teamId name } venue { venueName } } }",
  "mutation { upsertFixture( where: { fixtureId: 115104 } create: { fixtureId: 115104 fixtureDate: \\"2014-12-19T19:45:00+0000\\" round: 10 venue: { connect: { venueId: 253 } } homeTeam: { connect: { teamId: 1450 } } awayTeam: { connect: { teamId: 84 } } homeScore: 18 awayScore: 11 } update: { fixtureId: 115104 fixtureDate: \\"2014-12-19T19:45:00+0000\\" round: 10 venue: { connect: { venueId: 253 } } homeTeam: { connect: { teamId: 1450 } } awayTeam: { connect: { teamId: 84 } } homeScore: 18 awayScore: 11 } ) { id fixtureId homeTeam { teamId name } awayTeam { teamId name } venue { venueName } } }",
  "mutation { upsertFixture( where: { fixtureId: 115102 } create: { fixtureId: 115102 fixtureDate: \\"2014-12-20T15:00:00+0000\\" round: 10 venue: { connect: { venueId: 35 } } homeTeam: { connect: { teamId: 1150 } } awayTeam: { connect: { teamId: 1350 } } homeScore: 15 awayScore: 7 } update: { fixtureId: 115102 fixtureDate: \\"2014-12-20T15:00:00+0000\\" round: 10 venue: { connect: { venueId: 35 } } homeTeam: { connect: { teamId: 1150 } } awayTeam: { connect: { teamId: 1350 } } homeScore: 15 awayScore: 7 } ) { id fixtureId homeTeam { teamId name } awayTeam { teamId name } venue { venueName } } }",
  "mutation { upsertFixture( where: { fixtureId: 115105 } create: { fixtureId: 115105 fixtureDate: \\"2014-12-20T15:00:00+0000\\" round: 10 venue: { connect: { venueId: 255 } } homeTeam: { connect: { teamId: 1500 } } awayTeam: { connect: { teamId: 78 } } homeScore: 78 awayScore: 7 } update: { fixtureId: 115105 fixtureDate: \\"2014-12-20T15:00:00+0000\\" round: 10 venue: { connect: { venueId: 255 } } homeTeam: { connect: { teamId: 1500 } } awayTeam: { connect: { teamId: 78 } } homeScore: 78 awayScore: 7 } ) { id fixtureId homeTeam { teamId name } awayTeam { teamId name } venue { venueName } } }",
  "mutation { upsertFixture( where: { fixtureId: 115103 } create: { fixtureId: 115103 fixtureDate: \\"2014-12-20T15:15:00+0000\\" round: 10 venue: { connect: { venueId: 28 } } homeTeam: { connect: { teamId: 1400 } } awayTeam: { connect: { teamId: 1250 } } homeScore: 23 awayScore: 19 } update: { fixtureId: 115103 fixtureDate: \\"2014-12-20T15:15:00+0000\\" round: 10 venue: { connect: { venueId: 28 } } homeTeam: { connect: { teamId: 1400 } } awayTeam: { connect: { teamId: 1250 } } homeScore: 23 awayScore: 19 } ) { id fixtureId homeTeam { teamId name } awayTeam { teamId name } venue { venueName } } }",
  "mutation { upsertFixture( where: { fixtureId: 115101 } create: { fixtureId: 115101 fixtureDate: \\"2014-12-20T17:30:00+0000\\" round: 10 venue: { connect: { venueId: 30 } } homeTeam: { connect: { teamId: 1100 } } awayTeam: { connect: { teamId: 1000 } } homeScore: 16 awayScore: 39 } update: { fixtureId: 115101 fixtureDate: \\"2014-12-20T17:30:00+0000\\" round: 10 venue: { connect: { venueId: 30 } } homeTeam: { connect: { teamId: 1100 } } awayTeam: { connect: { teamId: 1000 } } homeScore: 16 awayScore: 39 } ) { id fixtureId homeTeam { teamId name } awayTeam { teamId name } venue { venueName } } }",
  "mutation { upsertFixture( where: { fixtureId: 115106 } create: { fixtureId: 115106 fixtureDate: \\"2014-12-21T14:00:00+0000\\" round: 10 venue: { connect: { venueId: 132 } } homeTeam: { connect: { teamId: 1550 } } awayTeam: { connect: { teamId: 1300 } } homeScore: 48 awayScore: 16 } update: { fixtureId: 115106 fixtureDate: \\"2014-12-21T14:00:00+0000\\" round: 10 venue: { connect: { venueId: 132 } } homeTeam: { connect: { teamId: 1550 } } awayTeam: { connect: { teamId: 1300 } } homeScore: 48 awayScore: 16 } ) { id fixtureId homeTeam { teamId name } awayTeam { teamId name } venue { venueName } } }",
  "mutation { upsertFixture( where: { fixtureId: 115114 } create: { fixtureId: 115114 fixtureDate: \\"2014-12-26T15:00:00+0000\\" round: 11 venue: { connect: { venueId: 32 } } homeTeam: { connect: { teamId: 1300 } } awayTeam: { connect: { teamId: 78 } } homeScore: 24 awayScore: 9 } update: { fixtureId: 115114 fixtureDate: \\"2014-12-26T15:00:00+0000\\" round: 11 venue: { connect: { venueId: 32 } } homeTeam: { connect: { teamId: 1300 } } awayTeam: { connect: { teamId: 78 } } homeScore: 24 awayScore: 9 } ) { id fixtureId homeTeam { teamId name } awayTeam { teamId name } venue { venueName } } }",
  "mutation { upsertFixture( where: { fixtureId: 115111 } create: { fixtureId: 115111 fixtureDate: \\"2014-12-27T14:00:00+0000\\" round: 11 venue: { connect: { venueId: 33 } } homeTeam: { connect: { teamId: 1000 } } awayTeam: { connect: { teamId: 84 } } homeScore: 31 awayScore: 14 } update: { fixtureId: 115111 fixtureDate: \\"2014-12-27T14:00:00+0000\\" round: 11 venue: { connect: { venueId: 33 } } homeTeam: { connect: { teamId: 1000 } } awayTeam: { connect: { teamId: 84 } } homeScore: 31 awayScore: 14 } ) { id fixtureId homeTeam { teamId name } awayTeam { teamId name } venue { venueName } } }",
  "mutation { upsertFixture( where: { fixtureId: 115116 } create: { fixtureId: 115116 fixtureDate: \\"2014-12-27T14:00:00+0000\\" round: 11 venue: { connect: { venueId: 253 } } homeTeam: { connect: { teamId: 1450 } } awayTeam: { connect: { teamId: 1250 } } homeScore: 30 awayScore: 32 } update: { fixtureId: 115116 fixtureDate: \\"2014-12-27T14:00:00+0000\\" round: 11 venue: { connect: { venueId: 253 } } homeTeam: { connect: { teamId: 1450 } } awayTeam: { connect: { teamId: 1250 } } homeScore: 30 awayScore: 32 } ) { id fixtureId homeTeam { teamId name } awayTeam { teamId name } venue { venueName } } }",
  "mutation { upsertFixture( where: { fixtureId: 115115 } create: { fixtureId: 115115 fixtureDate: \\"2014-12-27T15:00:00+0000\\" round: 11 venue: { connect: { venueId: 31 } } homeTeam: { connect: { teamId: 1350 } } awayTeam: { connect: { teamId: 1500 } } homeScore: 23 awayScore: 25 } update: { fixtureId: 115115 fixtureDate: \\"2014-12-27T15:00:00+0000\\" round: 11 venue: { connect: { venueId: 31 } } homeTeam: { connect: { teamId: 1350 } } awayTeam: { connect: { teamId: 1500 } } homeScore: 23 awayScore: 25 } ) { id fixtureId homeTeam { teamId name } awayTeam { teamId name } venue { venueName } } }",
  "mutation { upsertFixture( where: { fixtureId: 115113 } create: { fixtureId: 115113 fixtureDate: \\"2014-12-27T16:30:00+0000\\" round: 11 venue: { connect: { venueId: 38 } } homeTeam: { connect: { teamId: 1150 } } awayTeam: { connect: { teamId: 1400 } } homeScore: 25 awayScore: 30 } update: { fixtureId: 115113 fixtureDate: \\"2014-12-27T16:30:00+0000\\" round: 11 venue: { connect: { venueId: 38 } } homeTeam: { connect: { teamId: 1150 } } awayTeam: { connect: { teamId: 1400 } } homeScore: 25 awayScore: 30 } ) { id fixtureId homeTeam { teamId name } awayTeam { teamId name } venue { venueName } } }",
  "mutation { upsertFixture( where: { fixtureId: 115112 } create: { fixtureId: 115112 fixtureDate: \\"2014-12-28T14:30:00+0000\\" round: 11 venue: { connect: { venueId: 30 } } homeTeam: { connect: { teamId: 1100 } } awayTeam: { connect: { teamId: 1550 } } homeScore: 23 awayScore: 30 } update: { fixtureId: 115112 fixtureDate: \\"2014-12-28T14:30:00+0000\\" round: 11 venue: { connect: { venueId: 30 } } homeTeam: { connect: { teamId: 1100 } } awayTeam: { connect: { teamId: 1550 } } homeScore: 23 awayScore: 30 } ) { id fixtureId homeTeam { teamId name } awayTeam { teamId name } venue { venueName } } }",
  "mutation { upsertFixture( where: { fixtureId: 115124 } create: { fixtureId: 115124 fixtureDate: \\"2015-01-02T19:45:00+0000\\" round: 12 venue: { connect: { venueId: 28 } } homeTeam: { connect: { teamId: 1400 } } awayTeam: { connect: { teamId: 1350 } } homeScore: 39 awayScore: 31 } update: { fixtureId: 115124 fixtureDate: \\"2015-01-02T19:45:00+0000\\" round: 12 venue: { connect: { venueId: 28 } } homeTeam: { connect: { teamId: 1400 } } awayTeam: { connect: { teamId: 1350 } } homeScore: 39 awayScore: 31 } ) { id fixtureId homeTeam { teamId name } awayTeam { teamId name } venue { venueName } } }",
  "mutation { upsertFixture( where: { fixtureId: 115125 } create: { fixtureId: 115125 fixtureDate: \\"2015-01-03T14:00:00+0000\\" round: 12 venue: { connect: { venueId: 255 } } homeTeam: { connect: { teamId: 1500 } } awayTeam: { connect: { teamId: 1300 } } homeScore: 22 awayScore: 6 } update: { fixtureId: 115125 fixtureDate: \\"2015-01-03T14:00:00+0000\\" round: 12 venue: { connect: { venueId: 255 } } homeTeam: { connect: { teamId: 1500 } } awayTeam: { connect: { teamId: 1300 } } homeScore: 22 awayScore: 6 } ) { id fixtureId homeTeam { teamId name } awayTeam { teamId name } venue { venueName } } }",
  "mutation { upsertFixture( where: { fixtureId: 115121 } create: { fixtureId: 115121 fixtureDate: \\"2015-01-03T16:30:00+0000\\" round: 12 venue: { connect: { venueId: 209 } } homeTeam: { connect: { teamId: 84 } } awayTeam: { connect: { teamId: 1100 } } homeScore: 25 awayScore: 26 } update: { fixtureId: 115121 fixtureDate: \\"2015-01-03T16:30:00+0000\\" round: 12 venue: { connect: { venueId: 209 } } homeTeam: { connect: { teamId: 84 } } awayTeam: { connect: { teamId: 1100 } } homeScore: 25 awayScore: 26 } ) { id fixtureId homeTeam { teamId name } awayTeam { teamId name } venue { venueName } } }",
  "mutation { upsertFixture( where: { fixtureId: 115122 } create: { fixtureId: 115122 fixtureDate: \\"2015-01-04T14:00:00+0000\\" round: 12 venue: { connect: { venueId: 37 } } homeTeam: { connect: { teamId: 1250 } } awayTeam: { connect: { teamId: 1000 } } homeScore: 17 awayScore: 8 } update: { fixtureId: 115122 fixtureDate: \\"2015-01-04T14:00:00+0000\\" round: 12 venue: { connect: { venueId: 37 } } homeTeam: { connect: { teamId: 1250 } } awayTeam: { connect: { teamId: 1000 } } homeScore: 17 awayScore: 8 } ) { id fixtureId homeTeam { teamId name } awayTeam { teamId name } venue { venueName } } }",
  "mutation { upsertFixture( where: { fixtureId: 115126 } create: { fixtureId: 115126 fixtureDate: \\"2015-01-04T14:00:00+0000\\" round: 12 venue: { connect: { venueId: 132 } } homeTeam: { connect: { teamId: 1550 } } awayTeam: { connect: { teamId: 1450 } } homeScore: 41 awayScore: 16 } update: { fixtureId: 115126 fixtureDate: \\"2015-01-04T14:00:00+0000\\" round: 12 venue: { connect: { venueId: 132 } } homeTeam: { connect: { teamId: 1550 } } awayTeam: { connect: { teamId: 1450 } } homeScore: 41 awayScore: 16 } ) { id fixtureId homeTeam { teamId name } awayTeam { teamId name } venue { venueName } } }",
  "mutation { upsertFixture( where: { fixtureId: 115123 } create: { fixtureId: 115123 fixtureDate: \\"2015-01-04T14:30:00+0000\\" round: 12 venue: { connect: { venueId: 254 } } homeTeam: { connect: { teamId: 78 } } awayTeam: { connect: { teamId: 1150 } } homeScore: 13 awayScore: 24 } update: { fixtureId: 115123 fixtureDate: \\"2015-01-04T14:30:00+0000\\" round: 12 venue: { connect: { venueId: 254 } } homeTeam: { connect: { teamId: 78 } } awayTeam: { connect: { teamId: 1150 } } homeScore: 13 awayScore: 24 } ) { id fixtureId homeTeam { teamId name } awayTeam { teamId name } venue { venueName } } }",
  "mutation { upsertFixture( where: { fixtureId: 115132 } create: { fixtureId: 115132 fixtureDate: \\"2015-01-09T19:45:00+0000\\" round: 13 venue: { connect: { venueId: 30 } } homeTeam: { connect: { teamId: 1100 } } awayTeam: { connect: { teamId: 1500 } } homeScore: 24 awayScore: 23 } update: { fixtureId: 115132 fixtureDate: \\"2015-01-09T19:45:00+0000\\" round: 13 venue: { connect: { venueId: 30 } } homeTeam: { connect: { teamId: 1100 } } awayTeam: { connect: { teamId: 1500 } } homeScore: 24 awayScore: 23 } ) { id fixtureId homeTeam { teamId name } awayTeam { teamId name } venue { venueName } } }",
  "mutation { upsertFixture( where: { fixtureId: 115136 } create: { fixtureId: 115136 fixtureDate: \\"2015-01-10T14:00:00+0000\\" round: 13 venue: { connect: { venueId: 253 } } homeTeam: { connect: { teamId: 1450 } } awayTeam: { connect: { teamId: 1400 } } homeScore: 20 awayScore: 7 } update: { fixtureId: 115136 fixtureDate: \\"2015-01-10T14:00:00+0000\\" round: 13 venue: { connect: { venueId: 253 } } homeTeam: { connect: { teamId: 1450 } } awayTeam: { connect: { teamId: 1400 } } homeScore: 20 awayScore: 7 } ) { id fixtureId homeTeam { teamId name } awayTeam { teamId name } venue { venueName } } }",
  "mutation { upsertFixture( where: { fixtureId: 115131 } create: { fixtureId: 115131 fixtureDate: \\"2015-01-10T15:00:00+0000\\" round: 13 venue: { connect: { venueId: 33 } } homeTeam: { connect: { teamId: 1000 } } awayTeam: { connect: { teamId: 1550 } } homeScore: 39 awayScore: 26 } update: { fixtureId: 115131 fixtureDate: \\"2015-01-10T15:00:00+0000\\" round: 13 venue: { connect: { venueId: 33 } } homeTeam: { connect: { teamId: 1000 } } awayTeam: { connect: { teamId: 1550 } } homeScore: 39 awayScore: 26 } ) { id fixtureId homeTeam { teamId name } awayTeam { teamId name } venue { venueName } } }",
  "mutation { upsertFixture( where: { fixtureId: 115133 } create: { fixtureId: 115133 fixtureDate: \\"2015-01-10T15:15:00+0000\\" round: 13 venue: { connect: { venueId: 35 } } homeTeam: { connect: { teamId: 1150 } } awayTeam: { connect: { teamId: 1250 } } homeScore: 32 awayScore: 12 } update: { fixtureId: 115133 fixtureDate: \\"2015-01-10T15:15:00+0000\\" round: 13 venue: { connect: { venueId: 35 } } homeTeam: { connect: { teamId: 1150 } } awayTeam: { connect: { teamId: 1250 } } homeScore: 32 awayScore: 12 } ) { id fixtureId homeTeam { teamId name } awayTeam { teamId name } venue { venueName } } }",
  "mutation { upsertFixture( where: { fixtureId: 115135 } create: { fixtureId: 115135 fixtureDate: \\"2015-01-11T14:00:00+0000\\" round: 13 venue: { connect: { venueId: 31 } } homeTeam: { connect: { teamId: 1350 } } awayTeam: { connect: { teamId: 78 } } homeScore: 38 awayScore: 7 } update: { fixtureId: 115135 fixtureDate: \\"2015-01-11T14:00:00+0000\\" round: 13 venue: { connect: { venueId: 31 } } homeTeam: { connect: { teamId: 1350 } } awayTeam: { connect: { teamId: 78 } } homeScore: 38 awayScore: 7 } ) { id fixtureId homeTeam { teamId name } awayTeam { teamId name } venue { venueName } } }",
  "mutation { upsertFixture( where: { fixtureId: 115134 } create: { fixtureId: 115134 fixtureDate: \\"2015-01-11T15:00:00+0000\\" round: 13 venue: { connect: { venueId: 32 } } homeTeam: { connect: { teamId: 1300 } } awayTeam: { connect: { teamId: 84 } } homeScore: 28 awayScore: 26 } update: { fixtureId: 115134 fixtureDate: \\"2015-01-11T15:00:00+0000\\" round: 13 venue: { connect: { venueId: 32 } } homeTeam: { connect: { teamId: 1300 } } awayTeam: { connect: { teamId: 84 } } homeScore: 28 awayScore: 26 } ) { id fixtureId homeTeam { teamId name } awayTeam { teamId name } venue { venueName } } }",
  "mutation { upsertFixture( where: { fixtureId: 115142 } create: { fixtureId: 115142 fixtureDate: \\"2015-02-13T19:45:00+0000\\" round: 14 venue: { connect: { venueId: 37 } } homeTeam: { connect: { teamId: 1250 } } awayTeam: { connect: { teamId: 1100 } } homeScore: 18 awayScore: 15 } update: { fixtureId: 115142 fixtureDate: \\"2015-02-13T19:45:00+0000\\" round: 14 venue: { connect: { venueId: 37 } } homeTeam: { connect: { teamId: 1250 } } awayTeam: { connect: { teamId: 1100 } } homeScore: 18 awayScore: 15 } ) { id fixtureId homeTeam { teamId name } awayTeam { teamId name } venue { venueName } } }",
  "mutation { upsertFixture( where: { fixtureId: 115144 } create: { fixtureId: 115144 fixtureDate: \\"2015-02-13T19:45:00+0000\\" round: 14 venue: { connect: { venueId: 28 } } homeTeam: { connect: { teamId: 1400 } } awayTeam: { connect: { teamId: 1300 } } homeScore: 15 awayScore: 9 } update: { fixtureId: 115144 fixtureDate: \\"2015-02-13T19:45:00+0000\\" round: 14 venue: { connect: { venueId: 28 } } homeTeam: { connect: { teamId: 1400 } } awayTeam: { connect: { teamId: 1300 } } homeScore: 15 awayScore: 9 } ) { id fixtureId homeTeam { teamId name } awayTeam { teamId name } venue { venueName } } }",
  "mutation { upsertFixture( where: { fixtureId: 115141 } create: { fixtureId: 115141 fixtureDate: \\"2015-02-14T16:30:00+0000\\" round: 14 venue: { connect: { venueId: 209 } } homeTeam: { connect: { teamId: 84 } } awayTeam: { connect: { teamId: 1350 } } homeScore: 46 awayScore: 17 } update: { fixtureId: 115141 fixtureDate: \\"2015-02-14T16:30:00+0000\\" round: 14 venue: { connect: { venueId: 209 } } homeTeam: { connect: { teamId: 84 } } awayTeam: { connect: { teamId: 1350 } } homeScore: 46 awayScore: 17 } ) { id fixtureId homeTeam { teamId name } awayTeam { teamId name } venue { venueName } } }",
  "mutation { upsertFixture( where: { fixtureId: 115143 } create: { fixtureId: 115143 fixtureDate: \\"2015-02-15T13:00:00+0000\\" round: 14 venue: { connect: { venueId: 254 } } homeTeam: { connect: { teamId: 78 } } awayTeam: { connect: { teamId: 1450 } } homeScore: 12 awayScore: 52 } update: { fixtureId: 115143 fixtureDate: \\"2015-02-15T13:00:00+0000\\" round: 14 venue: { connect: { venueId: 254 } } homeTeam: { connect: { teamId: 78 } } awayTeam: { connect: { teamId: 1450 } } homeScore: 12 awayScore: 52 } ) { id fixtureId homeTeam { teamId name } awayTeam { teamId name } venue { venueName } } }",
  "mutation { upsertFixture( where: { fixtureId: 115145 } create: { fixtureId: 115145 fixtureDate: \\"2015-02-15T13:00:00+0000\\" round: 14 venue: { connect: { venueId: 255 } } homeTeam: { connect: { teamId: 1500 } } awayTeam: { connect: { teamId: 1000 } } homeScore: 34 awayScore: 24 } update: { fixtureId: 115145 fixtureDate: \\"2015-02-15T13:00:00+0000\\" round: 14 venue: { connect: { venueId: 255 } } homeTeam: { connect: { teamId: 1500 } } awayTeam: { connect: { teamId: 1000 } } homeScore: 34 awayScore: 24 } ) { id fixtureId homeTeam { teamId name } awayTeam { teamId name } venue { venueName } } }",
  "mutation { upsertFixture( where: { fixtureId: 115146 } create: { fixtureId: 115146 fixtureDate: \\"2015-02-15T14:00:00+0000\\" round: 14 venue: { connect: { venueId: 132 } } homeTeam: { connect: { teamId: 1550 } } awayTeam: { connect: { teamId: 1150 } } homeScore: 37 awayScore: 6 } update: { fixtureId: 115146 fixtureDate: \\"2015-02-15T14:00:00+0000\\" round: 14 venue: { connect: { venueId: 132 } } homeTeam: { connect: { teamId: 1550 } } awayTeam: { connect: { teamId: 1150 } } homeScore: 37 awayScore: 6 } ) { id fixtureId homeTeam { teamId name } awayTeam { teamId name } venue { venueName } } }",
  "mutation { upsertFixture( where: { fixtureId: 115155 } create: { fixtureId: 115155 fixtureDate: \\"2015-02-20T19:45:00+0000\\" round: 15 venue: { connect: { venueId: 31 } } homeTeam: { connect: { teamId: 1350 } } awayTeam: { connect: { teamId: 1550 } } homeScore: 23 awayScore: 23 } update: { fixtureId: 115155 fixtureDate: \\"2015-02-20T19:45:00+0000\\" round: 15 venue: { connect: { venueId: 31 } } homeTeam: { connect: { teamId: 1350 } } awayTeam: { connect: { teamId: 1550 } } homeScore: 23 awayScore: 23 } ) { id fixtureId homeTeam { teamId name } awayTeam { teamId name } venue { venueName } } }",
  "mutation { upsertFixture( where: { fixtureId: 115156 } create: { fixtureId: 115156 fixtureDate: \\"2015-02-21T14:00:00+0000\\" round: 15 venue: { connect: { venueId: 253 } } homeTeam: { connect: { teamId: 1450 } } awayTeam: { connect: { teamId: 1500 } } homeScore: 14 awayScore: 10 } update: { fixtureId: 115156 fixtureDate: \\"2015-02-21T14:00:00+0000\\" round: 15 venue: { connect: { venueId: 253 } } homeTeam: { connect: { teamId: 1450 } } awayTeam: { connect: { teamId: 1500 } } homeScore: 14 awayScore: 10 } ) { id fixtureId homeTeam { teamId name } awayTeam { teamId name } venue { venueName } } }",
  "mutation { upsertFixture( where: { fixtureId: 115152 } create: { fixtureId: 115152 fixtureDate: \\"2015-02-21T15:00:00+0000\\" round: 15 venue: { connect: { venueId: 30 } } homeTeam: { connect: { teamId: 1100 } } awayTeam: { connect: { teamId: 78 } } homeScore: 48 awayScore: 10 } update: { fixtureId: 115152 fixtureDate: \\"2015-02-21T15:00:00+0000\\" round: 15 venue: { connect: { venueId: 30 } } homeTeam: { connect: { teamId: 1100 } } awayTeam: { connect: { teamId: 78 } } homeScore: 48 awayScore: 10 } ) { id fixtureId homeTeam { teamId name } awayTeam { teamId name } venue { venueName } } }",
  "mutation { upsertFixture( where: { fixtureId: 115153 } create: { fixtureId: 115153 fixtureDate: \\"2015-02-21T15:00:00+0000\\" round: 15 venue: { connect: { venueId: 35 } } homeTeam: { connect: { teamId: 1150 } } awayTeam: { connect: { teamId: 84 } } homeScore: 21 awayScore: 32 } update: { fixtureId: 115153 fixtureDate: \\"2015-02-21T15:00:00+0000\\" round: 15 venue: { connect: { venueId: 35 } } homeTeam: { connect: { teamId: 1150 } } awayTeam: { connect: { teamId: 84 } } homeScore: 21 awayScore: 32 } ) { id fixtureId homeTeam { teamId name } awayTeam { teamId name } venue { venueName } } }",
  "mutation { upsertFixture( where: { fixtureId: 115151 } create: { fixtureId: 115151 fixtureDate: \\"2015-02-21T15:15:00+0000\\" round: 15 venue: { connect: { venueId: 33 } } homeTeam: { connect: { teamId: 1000 } } awayTeam: { connect: { teamId: 1400 } } homeScore: 13 awayScore: 21 } update: { fixtureId: 115151 fixtureDate: \\"2015-02-21T15:15:00+0000\\" round: 15 venue: { connect: { venueId: 33 } } homeTeam: { connect: { teamId: 1000 } } awayTeam: { connect: { teamId: 1400 } } homeScore: 13 awayScore: 21 } ) { id fixtureId homeTeam { teamId name } awayTeam { teamId name } venue { venueName } } }",
  "mutation { upsertFixture( where: { fixtureId: 115154 } create: { fixtureId: 115154 fixtureDate: \\"2015-02-22T14:00:00+0000\\" round: 15 venue: { connect: { venueId: 32 } } homeTeam: { connect: { teamId: 1300 } } awayTeam: { connect: { teamId: 1250 } } homeScore: 6 awayScore: 12 } update: { fixtureId: 115154 fixtureDate: \\"2015-02-22T14:00:00+0000\\" round: 15 venue: { connect: { venueId: 32 } } homeTeam: { connect: { teamId: 1300 } } awayTeam: { connect: { teamId: 1250 } } homeScore: 6 awayScore: 12 } ) { id fixtureId homeTeam { teamId name } awayTeam { teamId name } venue { venueName } } }",
  "mutation { upsertFixture( where: { fixtureId: 115164 } create: { fixtureId: 115164 fixtureDate: \\"2015-02-27T19:45:00+0000\\" round: 16 venue: { connect: { venueId: 28 } } homeTeam: { connect: { teamId: 1400 } } awayTeam: { connect: { teamId: 1150 } } homeScore: 17 awayScore: 13 } update: { fixtureId: 115164 fixtureDate: \\"2015-02-27T19:45:00+0000\\" round: 16 venue: { connect: { venueId: 28 } } homeTeam: { connect: { teamId: 1400 } } awayTeam: { connect: { teamId: 1150 } } homeScore: 17 awayScore: 13 } ) { id fixtureId homeTeam { teamId name } awayTeam { teamId name } venue { venueName } } }",
  "mutation { upsertFixture( where: { fixtureId: 115163 } create: { fixtureId: 115163 fixtureDate: \\"2015-02-28T14:30:00+0000\\" round: 16 venue: { connect: { venueId: 254 } } homeTeam: { connect: { teamId: 78 } } awayTeam: { connect: { teamId: 1300 } } homeScore: 12 awayScore: 50 } update: { fixtureId: 115163 fixtureDate: \\"2015-02-28T14:30:00+0000\\" round: 16 venue: { connect: { venueId: 254 } } homeTeam: { connect: { teamId: 78 } } awayTeam: { connect: { teamId: 1300 } } homeScore: 12 awayScore: 50 } ) { id fixtureId homeTeam { teamId name } awayTeam { teamId name } venue { venueName } } }",
  "mutation { upsertFixture( where: { fixtureId: 115162 } create: { fixtureId: 115162 fixtureDate: \\"2015-02-28T15:00:00+0000\\" round: 16 venue: { connect: { venueId: 37 } } homeTeam: { connect: { teamId: 1250 } } awayTeam: { connect: { teamId: 1450 } } homeScore: 28 awayScore: 8 } update: { fixtureId: 115162 fixtureDate: \\"2015-02-28T15:00:00+0000\\" round: 16 venue: { connect: { venueId: 37 } } homeTeam: { connect: { teamId: 1250 } } awayTeam: { connect: { teamId: 1450 } } homeScore: 28 awayScore: 8 } ) { id fixtureId homeTeam { teamId name } awayTeam { teamId name } venue { venueName } } }",
  "mutation { upsertFixture( where: { fixtureId: 115165 } create: { fixtureId: 115165 fixtureDate: \\"2015-02-28T15:00:00+0000\\" round: 16 venue: { connect: { venueId: 255 } } homeTeam: { connect: { teamId: 1500 } } awayTeam: { connect: { teamId: 1350 } } homeScore: 22 awayScore: 17 } update: { fixtureId: 115165 fixtureDate: \\"2015-02-28T15:00:00+0000\\" round: 16 venue: { connect: { venueId: 255 } } homeTeam: { connect: { teamId: 1500 } } awayTeam: { connect: { teamId: 1350 } } homeScore: 22 awayScore: 17 } ) { id fixtureId homeTeam { teamId name } awayTeam { teamId name } venue { venueName } } }",
  "mutation { upsertFixture( where: { fixtureId: 115161 } create: { fixtureId: 115161 fixtureDate: \\"2015-02-28T15:15:00+0000\\" round: 16 venue: { connect: { venueId: 209 } } homeTeam: { connect: { teamId: 84 } } awayTeam: { connect: { teamId: 1000 } } homeScore: 16 awayScore: 6 } update: { fixtureId: 115161 fixtureDate: \\"2015-02-28T15:15:00+0000\\" round: 16 venue: { connect: { venueId: 209 } } homeTeam: { connect: { teamId: 84 } } awayTeam: { connect: { teamId: 1000 } } homeScore: 16 awayScore: 6 } ) { id fixtureId homeTeam { teamId name } awayTeam { teamId name } venue { venueName } } }",
  "mutation { upsertFixture( where: { fixtureId: 115166 } create: { fixtureId: 115166 fixtureDate: \\"2015-03-01T13:00:00+0000\\" round: 16 venue: { connect: { venueId: 132 } } homeTeam: { connect: { teamId: 1550 } } awayTeam: { connect: { teamId: 1100 } } homeScore: 32 awayScore: 21 } update: { fixtureId: 115166 fixtureDate: \\"2015-03-01T13:00:00+0000\\" round: 16 venue: { connect: { venueId: 132 } } homeTeam: { connect: { teamId: 1550 } } awayTeam: { connect: { teamId: 1100 } } homeScore: 32 awayScore: 21 } ) { id fixtureId homeTeam { teamId name } awayTeam { teamId name } venue { venueName } } }",
  "mutation { upsertFixture( where: { fixtureId: 115171 } create: { fixtureId: 115171 fixtureDate: \\"2015-03-06T19:45:00+0000\\" round: 17 venue: { connect: { venueId: 33 } } homeTeam: { connect: { teamId: 1000 } } awayTeam: { connect: { teamId: 1450 } } homeScore: 12 awayScore: 3 } update: { fixtureId: 115171 fixtureDate: \\"2015-03-06T19:45:00+0000\\" round: 17 venue: { connect: { venueId: 33 } } homeTeam: { connect: { teamId: 1000 } } awayTeam: { connect: { teamId: 1450 } } homeScore: 12 awayScore: 3 } ) { id fixtureId homeTeam { teamId name } awayTeam { teamId name } venue { venueName } } }",
  "mutation { upsertFixture( where: { fixtureId: 115172 } create: { fixtureId: 115172 fixtureDate: \\"2015-03-07T15:00:00+0000\\" round: 17 venue: { connect: { venueId: 209 } } homeTeam: { connect: { teamId: 84 } } awayTeam: { connect: { teamId: 78 } } homeScore: 74 awayScore: 19 } update: { fixtureId: 115172 fixtureDate: \\"2015-03-07T15:00:00+0000\\" round: 17 venue: { connect: { venueId: 209 } } homeTeam: { connect: { teamId: 84 } } awayTeam: { connect: { teamId: 78 } } homeScore: 74 awayScore: 19 } ) { id fixtureId homeTeam { teamId name } awayTeam { teamId name } venue { venueName } } }",
  "mutation { upsertFixture( where: { fixtureId: 115174 } create: { fixtureId: 115174 fixtureDate: \\"2015-03-07T15:00:00+0000\\" round: 17 venue: { connect: { venueId: 35 } } homeTeam: { connect: { teamId: 1150 } } awayTeam: { connect: { teamId: 1300 } } homeScore: 26 awayScore: 20 } update: { fixtureId: 115174 fixtureDate: \\"2015-03-07T15:00:00+0000\\" round: 17 venue: { connect: { venueId: 35 } } homeTeam: { connect: { teamId: 1150 } } awayTeam: { connect: { teamId: 1300 } } homeScore: 26 awayScore: 20 } ) { id fixtureId homeTeam { teamId name } awayTeam { teamId name } venue { venueName } } }",
  "mutation { upsertFixture( where: { fixtureId: 115173 } create: { fixtureId: 115173 fixtureDate: \\"2015-03-07T15:15:00+0000\\" round: 17 venue: { connect: { venueId: 30 } } homeTeam: { connect: { teamId: 1100 } } awayTeam: { connect: { teamId: 1400 } } homeScore: 33 awayScore: 33 } update: { fixtureId: 115173 fixtureDate: \\"2015-03-07T15:15:00+0000\\" round: 17 venue: { connect: { venueId: 30 } } homeTeam: { connect: { teamId: 1100 } } awayTeam: { connect: { teamId: 1400 } } homeScore: 33 awayScore: 33 } ) { id fixtureId homeTeam { teamId name } awayTeam { teamId name } venue { venueName } } }",
  "mutation { upsertFixture( where: { fixtureId: 115176 } create: { fixtureId: 115176 fixtureDate: \\"2015-03-08T14:00:00+0000\\" round: 17 venue: { connect: { venueId: 132 } } homeTeam: { connect: { teamId: 1550 } } awayTeam: { connect: { teamId: 1500 } } homeScore: 17 awayScore: 26 } update: { fixtureId: 115176 fixtureDate: \\"2015-03-08T14:00:00+0000\\" round: 17 venue: { connect: { venueId: 132 } } homeTeam: { connect: { teamId: 1550 } } awayTeam: { connect: { teamId: 1500 } } homeScore: 17 awayScore: 26 } ) { id fixtureId homeTeam { teamId name } awayTeam { teamId name } venue { venueName } } }",
  "mutation { upsertFixture( where: { fixtureId: 115175 } create: { fixtureId: 115175 fixtureDate: \\"2015-03-08T15:00:00+0000\\" round: 17 venue: { connect: { venueId: 31 } } homeTeam: { connect: { teamId: 1350 } } awayTeam: { connect: { teamId: 1250 } } homeScore: 12 awayScore: 16 } update: { fixtureId: 115175 fixtureDate: \\"2015-03-08T15:00:00+0000\\" round: 17 venue: { connect: { venueId: 31 } } homeTeam: { connect: { teamId: 1350 } } awayTeam: { connect: { teamId: 1250 } } homeScore: 12 awayScore: 16 } ) { id fixtureId homeTeam { teamId name } awayTeam { teamId name } venue { venueName } } }",
  "mutation { upsertFixture( where: { fixtureId: 115184 } create: { fixtureId: 115184 fixtureDate: \\"2015-03-27T19:45:00+0000\\" round: 18 venue: { connect: { venueId: 28 } } homeTeam: { connect: { teamId: 1400 } } awayTeam: { connect: { teamId: 1550 } } homeScore: 52 awayScore: 30 } update: { fixtureId: 115184 fixtureDate: \\"2015-03-27T19:45:00+0000\\" round: 18 venue: { connect: { venueId: 28 } } homeTeam: { connect: { teamId: 1400 } } awayTeam: { connect: { teamId: 1550 } } homeScore: 52 awayScore: 30 } ) { id fixtureId homeTeam { teamId name } awayTeam { teamId name } venue { venueName } } }",
  "mutation { upsertFixture( where: { fixtureId: 115181 } create: { fixtureId: 115181 fixtureDate: \\"2015-03-28T15:00:00+0000\\" round: 18 venue: { connect: { venueId: 37 } } homeTeam: { connect: { teamId: 1250 } } awayTeam: { connect: { teamId: 84 } } homeScore: 25 awayScore: 18 } update: { fixtureId: 115181 fixtureDate: \\"2015-03-28T15:00:00+0000\\" round: 18 venue: { connect: { venueId: 37 } } homeTeam: { connect: { teamId: 1250 } } awayTeam: { connect: { teamId: 84 } } homeScore: 25 awayScore: 18 } ) { id fixtureId homeTeam { teamId name } awayTeam { teamId name } venue { venueName } } }",
  "mutation { upsertFixture( where: { fixtureId: 115182 } create: { fixtureId: 115182 fixtureDate: \\"2015-03-28T15:00:00+0000\\" round: 18 venue: { connect: { venueId: 32 } } homeTeam: { connect: { teamId: 1300 } } awayTeam: { connect: { teamId: 1350 } } homeScore: 22 awayScore: 21 } update: { fixtureId: 115182 fixtureDate: \\"2015-03-28T15:00:00+0000\\" round: 18 venue: { connect: { venueId: 32 } } homeTeam: { connect: { teamId: 1300 } } awayTeam: { connect: { teamId: 1350 } } homeScore: 22 awayScore: 21 } ) { id fixtureId homeTeam { teamId name } awayTeam { teamId name } venue { venueName } } }",
  "mutation { upsertFixture( where: { fixtureId: 115186 } create: { fixtureId: 115186 fixtureDate: \\"2015-03-28T15:15:00+0000\\" round: 18 venue: { connect: { venueId: 149 } } homeTeam: { connect: { teamId: 1500 } } awayTeam: { connect: { teamId: 1150 } } homeScore: 42 awayScore: 14 } update: { fixtureId: 115186 fixtureDate: \\"2015-03-28T15:15:00+0000\\" round: 18 venue: { connect: { venueId: 149 } } homeTeam: { connect: { teamId: 1500 } } awayTeam: { connect: { teamId: 1150 } } homeScore: 42 awayScore: 14 } ) { id fixtureId homeTeam { teamId name } awayTeam { teamId name } venue { venueName } } }",
  "mutation { upsertFixture( where: { fixtureId: 115185 } create: { fixtureId: 115185 fixtureDate: \\"2015-03-29T13:00:00+0000\\" round: 18 venue: { connect: { venueId: 253 } } homeTeam: { connect: { teamId: 1450 } } awayTeam: { connect: { teamId: 1100 } } homeScore: 23 awayScore: 6 } update: { fixtureId: 115185 fixtureDate: \\"2015-03-29T13:00:00+0000\\" round: 18 venue: { connect: { venueId: 253 } } homeTeam: { connect: { teamId: 1450 } } awayTeam: { connect: { teamId: 1100 } } homeScore: 23 awayScore: 6 } ) { id fixtureId homeTeam { teamId name } awayTeam { teamId name } venue { venueName } } }",
  "mutation { upsertFixture( where: { fixtureId: 115183 } create: { fixtureId: 115183 fixtureDate: \\"2015-03-29T13:30:00+0000\\" round: 18 venue: { connect: { venueId: 254 } } homeTeam: { connect: { teamId: 78 } } awayTeam: { connect: { teamId: 1000 } } homeScore: 14 awayScore: 29 } update: { fixtureId: 115183 fixtureDate: \\"2015-03-29T13:30:00+0000\\" round: 18 venue: { connect: { venueId: 254 } } homeTeam: { connect: { teamId: 78 } } awayTeam: { connect: { teamId: 1000 } } homeScore: 14 awayScore: 29 } ) { id fixtureId homeTeam { teamId name } awayTeam { teamId name } venue { venueName } } }",
  "mutation { upsertFixture( where: { fixtureId: 115195 } create: { fixtureId: 115195 fixtureDate: \\"2015-04-10T18:45:00+0000\\" round: 19 venue: { connect: { venueId: 31 } } homeTeam: { connect: { teamId: 1350 } } awayTeam: { connect: { teamId: 1000 } } homeScore: 19 awayScore: 29 } update: { fixtureId: 115195 fixtureDate: \\"2015-04-10T18:45:00+0000\\" round: 19 venue: { connect: { venueId: 31 } } homeTeam: { connect: { teamId: 1350 } } awayTeam: { connect: { teamId: 1000 } } homeScore: 19 awayScore: 29 } ) { id fixtureId homeTeam { teamId name } awayTeam { teamId name } venue { venueName } } }",
  "mutation { upsertFixture( where: { fixtureId: 115192 } create: { fixtureId: 115192 fixtureDate: \\"2015-04-11T14:00:00+0000\\" round: 19 venue: { connect: { venueId: 35 } } homeTeam: { connect: { teamId: 1150 } } awayTeam: { connect: { teamId: 1100 } } homeScore: 29 awayScore: 26 } update: { fixtureId: 115192 fixtureDate: \\"2015-04-11T14:00:00+0000\\" round: 19 venue: { connect: { venueId: 35 } } homeTeam: { connect: { teamId: 1150 } } awayTeam: { connect: { teamId: 1100 } } homeScore: 29 awayScore: 26 } ) { id fixtureId homeTeam { teamId name } awayTeam { teamId name } venue { venueName } } }",
  "mutation { upsertFixture( where: { fixtureId: 115196 } create: { fixtureId: 115196 fixtureDate: \\"2015-04-11T14:15:00+0000\\" round: 19 venue: { connect: { venueId: 255 } } homeTeam: { connect: { teamId: 1500 } } awayTeam: { connect: { teamId: 1250 } } homeScore: 22 awayScore: 6 } update: { fixtureId: 115196 fixtureDate: \\"2015-04-11T14:15:00+0000\\" round: 19 venue: { connect: { venueId: 255 } } homeTeam: { connect: { teamId: 1500 } } awayTeam: { connect: { teamId: 1250 } } homeScore: 22 awayScore: 6 } ) { id fixtureId homeTeam { teamId name } awayTeam { teamId name } venue { venueName } } }",
  "mutation { upsertFixture( where: { fixtureId: 115191 } create: { fixtureId: 115191 fixtureDate: \\"2015-04-12T13:00:00+0000\\" round: 19 venue: { connect: { venueId: 209 } } homeTeam: { connect: { teamId: 84 } } awayTeam: { connect: { teamId: 1400 } } homeScore: 21 awayScore: 10 } update: { fixtureId: 115191 fixtureDate: \\"2015-04-12T13:00:00+0000\\" round: 19 venue: { connect: { venueId: 209 } } homeTeam: { connect: { teamId: 84 } } awayTeam: { connect: { teamId: 1400 } } homeScore: 21 awayScore: 10 } ) { id fixtureId homeTeam { teamId name } awayTeam { teamId name } venue { venueName } } }",
  "mutation { upsertFixture( where: { fixtureId: 115194 } create: { fixtureId: 115194 fixtureDate: \\"2015-04-12T13:30:00+0000\\" round: 19 venue: { connect: { venueId: 254 } } homeTeam: { connect: { teamId: 78 } } awayTeam: { connect: { teamId: 1550 } } homeScore: 13 awayScore: 40 } update: { fixtureId: 115194 fixtureDate: \\"2015-04-12T13:30:00+0000\\" round: 19 venue: { connect: { venueId: 254 } } homeTeam: { connect: { teamId: 78 } } awayTeam: { connect: { teamId: 1550 } } homeScore: 13 awayScore: 40 } ) { id fixtureId homeTeam { teamId name } awayTeam { teamId name } venue { venueName } } }",
  "mutation { upsertFixture( where: { fixtureId: 115193 } create: { fixtureId: 115193 fixtureDate: \\"2015-04-12T14:00:00+0000\\" round: 19 venue: { connect: { venueId: 32 } } homeTeam: { connect: { teamId: 1300 } } awayTeam: { connect: { teamId: 1450 } } homeScore: 25 awayScore: 23 } update: { fixtureId: 115193 fixtureDate: \\"2015-04-12T14:00:00+0000\\" round: 19 venue: { connect: { venueId: 32 } } homeTeam: { connect: { teamId: 1300 } } awayTeam: { connect: { teamId: 1450 } } homeScore: 25 awayScore: 23 } ) { id fixtureId homeTeam { teamId name } awayTeam { teamId name } venue { venueName } } }",
  "mutation { upsertFixture( where: { fixtureId: 115201 } create: { fixtureId: 115201 fixtureDate: \\"2015-04-24T18:45:00+0000\\" round: 20 venue: { connect: { venueId: 33 } } homeTeam: { connect: { teamId: 1000 } } awayTeam: { connect: { teamId: 1300 } } homeScore: 43 awayScore: 18 } update: { fixtureId: 115201 fixtureDate: \\"2015-04-24T18:45:00+0000\\" round: 20 venue: { connect: { venueId: 33 } } homeTeam: { connect: { teamId: 1000 } } awayTeam: { connect: { teamId: 1300 } } homeScore: 43 awayScore: 18 } ) { id fixtureId homeTeam { teamId name } awayTeam { teamId name } venue { venueName } } }",
  "mutation { upsertFixture( where: { fixtureId: 115205 } create: { fixtureId: 115205 fixtureDate: \\"2015-04-25T13:00:00+0000\\" round: 20 venue: { connect: { venueId: 253 } } homeTeam: { connect: { teamId: 1450 } } awayTeam: { connect: { teamId: 1150 } } homeScore: 23 awayScore: 25 } update: { fixtureId: 115205 fixtureDate: \\"2015-04-25T13:00:00+0000\\" round: 20 venue: { connect: { venueId: 253 } } homeTeam: { connect: { teamId: 1450 } } awayTeam: { connect: { teamId: 1150 } } homeScore: 23 awayScore: 25 } ) { id fixtureId homeTeam { teamId name } awayTeam { teamId name } venue { venueName } } }",
  "mutation { upsertFixture( where: { fixtureId: 115202 } create: { fixtureId: 115202 fixtureDate: \\"2015-04-25T14:00:00+0000\\" round: 20 venue: { connect: { venueId: 30 } } homeTeam: { connect: { teamId: 1100 } } awayTeam: { connect: { teamId: 1350 } } homeScore: 42 awayScore: 40 } update: { fixtureId: 115202 fixtureDate: \\"2015-04-25T14:00:00+0000\\" round: 20 venue: { connect: { venueId: 30 } } homeTeam: { connect: { teamId: 1100 } } awayTeam: { connect: { teamId: 1350 } } homeScore: 42 awayScore: 40 } ) { id fixtureId homeTeam { teamId name } awayTeam { teamId name } venue { venueName } } }",
  "mutation { upsertFixture( where: { fixtureId: 115203 } create: { fixtureId: 115203 fixtureDate: \\"2015-04-25T14:00:00+0000\\" round: 20 venue: { connect: { venueId: 37 } } homeTeam: { connect: { teamId: 1250 } } awayTeam: { connect: { teamId: 78 } } homeScore: 38 awayScore: 17 } update: { fixtureId: 115203 fixtureDate: \\"2015-04-25T14:00:00+0000\\" round: 20 venue: { connect: { venueId: 37 } } homeTeam: { connect: { teamId: 1250 } } awayTeam: { connect: { teamId: 78 } } homeScore: 38 awayScore: 17 } ) { id fixtureId homeTeam { teamId name } awayTeam { teamId name } venue { venueName } } }",
  "mutation { upsertFixture( where: { fixtureId: 115204 } create: { fixtureId: 115204 fixtureDate: \\"2015-04-25T14:15:00+0000\\" round: 20 venue: { connect: { venueId: 220 } } homeTeam: { connect: { teamId: 1400 } } awayTeam: { connect: { teamId: 1500 } } homeScore: 25 awayScore: 20 } update: { fixtureId: 115204 fixtureDate: \\"2015-04-25T14:15:00+0000\\" round: 20 venue: { connect: { venueId: 220 } } homeTeam: { connect: { teamId: 1400 } } awayTeam: { connect: { teamId: 1500 } } homeScore: 25 awayScore: 20 } ) { id fixtureId homeTeam { teamId name } awayTeam { teamId name } venue { venueName } } }",
  "mutation { upsertFixture( where: { fixtureId: 115206 } create: { fixtureId: 115206 fixtureDate: \\"2015-04-26T13:00:00+0000\\" round: 20 venue: { connect: { venueId: 132 } } homeTeam: { connect: { teamId: 1550 } } awayTeam: { connect: { teamId: 84 } } homeScore: 36 awayScore: 29 } update: { fixtureId: 115206 fixtureDate: \\"2015-04-26T13:00:00+0000\\" round: 20 venue: { connect: { venueId: 132 } } homeTeam: { connect: { teamId: 1550 } } awayTeam: { connect: { teamId: 84 } } homeScore: 36 awayScore: 29 } ) { id fixtureId homeTeam { teamId name } awayTeam { teamId name } venue { venueName } } }",
  "mutation { upsertFixture( where: { fixtureId: 115212 } create: { fixtureId: 115212 fixtureDate: \\"2015-05-08T18:45:00+0000\\" round: 21 venue: { connect: { venueId: 35 } } homeTeam: { connect: { teamId: 1150 } } awayTeam: { connect: { teamId: 1000 } } homeScore: 26 awayScore: 27 } update: { fixtureId: 115212 fixtureDate: \\"2015-05-08T18:45:00+0000\\" round: 21 venue: { connect: { venueId: 35 } } homeTeam: { connect: { teamId: 1150 } } awayTeam: { connect: { teamId: 1000 } } homeScore: 26 awayScore: 27 } ) { id fixtureId homeTeam { teamId name } awayTeam { teamId name } venue { venueName } } }",
  "mutation { upsertFixture( where: { fixtureId: 115214 } create: { fixtureId: 115214 fixtureDate: \\"2015-05-09T13:00:00+0000\\" round: 21 venue: { connect: { venueId: 253 } } homeTeam: { connect: { teamId: 1450 } } awayTeam: { connect: { teamId: 1350 } } homeScore: 34 awayScore: 28 } update: { fixtureId: 115214 fixtureDate: \\"2015-05-09T13:00:00+0000\\" round: 21 venue: { connect: { venueId: 253 } } homeTeam: { connect: { teamId: 1450 } } awayTeam: { connect: { teamId: 1350 } } homeScore: 34 awayScore: 28 } ) { id fixtureId homeTeam { teamId name } awayTeam { teamId name } venue { venueName } } }",
  "mutation { upsertFixture( where: { fixtureId: 115211 } create: { fixtureId: 115211 fixtureDate: \\"2015-05-09T14:00:00+0000\\" round: 21 venue: { connect: { venueId: 30 } } homeTeam: { connect: { teamId: 1100 } } awayTeam: { connect: { teamId: 1300 } } homeScore: 35 awayScore: 13 } update: { fixtureId: 115211 fixtureDate: \\"2015-05-09T14:00:00+0000\\" round: 21 venue: { connect: { venueId: 30 } } homeTeam: { connect: { teamId: 1100 } } awayTeam: { connect: { teamId: 1300 } } homeScore: 35 awayScore: 13 } ) { id fixtureId homeTeam { teamId name } awayTeam { teamId name } venue { venueName } } }",
  "mutation { upsertFixture( where: { fixtureId: 115213 } create: { fixtureId: 115213 fixtureDate: \\"2015-05-09T14:15:00+0000\\" round: 21 venue: { connect: { venueId: 28 } } homeTeam: { connect: { teamId: 1400 } } awayTeam: { connect: { teamId: 78 } } homeScore: 46 awayScore: 0 } update: { fixtureId: 115213 fixtureDate: \\"2015-05-09T14:15:00+0000\\" round: 21 venue: { connect: { venueId: 28 } } homeTeam: { connect: { teamId: 1400 } } awayTeam: { connect: { teamId: 78 } } homeScore: 46 awayScore: 0 } ) { id fixtureId homeTeam { teamId name } awayTeam { teamId name } venue { venueName } } }",
  "mutation { upsertFixture( where: { fixtureId: 115216 } create: { fixtureId: 115216 fixtureDate: \\"2015-05-09T14:15:00+0000\\" round: 21 venue: { connect: { venueId: 132 } } homeTeam: { connect: { teamId: 1550 } } awayTeam: { connect: { teamId: 1250 } } homeScore: 21 awayScore: 26 } update: { fixtureId: 115216 fixtureDate: \\"2015-05-09T14:15:00+0000\\" round: 21 venue: { connect: { venueId: 132 } } homeTeam: { connect: { teamId: 1550 } } awayTeam: { connect: { teamId: 1250 } } homeScore: 21 awayScore: 26 } ) { id fixtureId homeTeam { teamId name } awayTeam { teamId name } venue { venueName } } }",
  "mutation { upsertFixture( where: { fixtureId: 115215 } create: { fixtureId: 115215 fixtureDate: \\"2015-05-10T13:00:00+0000\\" round: 21 venue: { connect: { venueId: 255 } } homeTeam: { connect: { teamId: 1500 } } awayTeam: { connect: { teamId: 84 } } homeScore: 20 awayScore: 24 } update: { fixtureId: 115215 fixtureDate: \\"2015-05-10T13:00:00+0000\\" round: 21 venue: { connect: { venueId: 255 } } homeTeam: { connect: { teamId: 1500 } } awayTeam: { connect: { teamId: 84 } } homeScore: 20 awayScore: 24 } ) { id fixtureId homeTeam { teamId name } awayTeam { teamId name } venue { venueName } } }",
  "mutation { upsertFixture( where: { fixtureId: 115221 } create: { fixtureId: 115221 fixtureDate: \\"2015-05-16T14:30:00+0000\\" round: 22 venue: { connect: { venueId: 33 } } homeTeam: { connect: { teamId: 1000 } } awayTeam: { connect: { teamId: 1100 } } homeScore: 50 awayScore: 30 } update: { fixtureId: 115221 fixtureDate: \\"2015-05-16T14:30:00+0000\\" round: 22 venue: { connect: { venueId: 33 } } homeTeam: { connect: { teamId: 1000 } } awayTeam: { connect: { teamId: 1100 } } homeScore: 50 awayScore: 30 } ) { id fixtureId homeTeam { teamId name } awayTeam { teamId name } venue { venueName } } }",
  "mutation { upsertFixture( where: { fixtureId: 115222 } create: { fixtureId: 115222 fixtureDate: \\"2015-05-16T14:30:00+0000\\" round: 22 venue: { connect: { venueId: 209 } } homeTeam: { connect: { teamId: 84 } } awayTeam: { connect: { teamId: 1450 } } homeScore: 44 awayScore: 16 } update: { fixtureId: 115222 fixtureDate: \\"2015-05-16T14:30:00+0000\\" round: 22 venue: { connect: { venueId: 209 } } homeTeam: { connect: { teamId: 84 } } awayTeam: { connect: { teamId: 1450 } } homeScore: 44 awayScore: 16 } ) { id fixtureId homeTeam { teamId name } awayTeam { teamId name } venue { venueName } } }",
  "mutation { upsertFixture( where: { fixtureId: 115223 } create: { fixtureId: 115223 fixtureDate: \\"2015-05-16T14:30:00+0000\\" round: 22 venue: { connect: { venueId: 37 } } homeTeam: { connect: { teamId: 1250 } } awayTeam: { connect: { teamId: 1400 } } homeScore: 22 awayScore: 14 } update: { fixtureId: 115223 fixtureDate: \\"2015-05-16T14:30:00+0000\\" round: 22 venue: { connect: { venueId: 37 } } homeTeam: { connect: { teamId: 1250 } } awayTeam: { connect: { teamId: 1400 } } homeScore: 22 awayScore: 14 } ) { id fixtureId homeTeam { teamId name } awayTeam { teamId name } venue { venueName } } }",
  "mutation { upsertFixture( where: { fixtureId: 115224 } create: { fixtureId: 115224 fixtureDate: \\"2015-05-16T14:30:00+0000\\" round: 22 venue: { connect: { venueId: 32 } } homeTeam: { connect: { teamId: 1300 } } awayTeam: { connect: { teamId: 1550 } } homeScore: 40 awayScore: 40 } update: { fixtureId: 115224 fixtureDate: \\"2015-05-16T14:30:00+0000\\" round: 22 venue: { connect: { venueId: 32 } } homeTeam: { connect: { teamId: 1300 } } awayTeam: { connect: { teamId: 1550 } } homeScore: 40 awayScore: 40 } ) { id fixtureId homeTeam { teamId name } awayTeam { teamId name } venue { venueName } } }",
  "mutation { upsertFixture( where: { fixtureId: 115225 } create: { fixtureId: 115225 fixtureDate: \\"2015-05-16T14:30:00+0000\\" round: 22 venue: { connect: { venueId: 254 } } homeTeam: { connect: { teamId: 78 } } awayTeam: { connect: { teamId: 1500 } } homeScore: 17 awayScore: 68 } update: { fixtureId: 115225 fixtureDate: \\"2015-05-16T14:30:00+0000\\" round: 22 venue: { connect: { venueId: 254 } } homeTeam: { connect: { teamId: 78 } } awayTeam: { connect: { teamId: 1500 } } homeScore: 17 awayScore: 68 } ) { id fixtureId homeTeam { teamId name } awayTeam { teamId name } venue { venueName } } }",
  "mutation { upsertFixture( where: { fixtureId: 115226 } create: { fixtureId: 115226 fixtureDate: \\"2015-05-16T14:30:00+0000\\" round: 22 venue: { connect: { venueId: 31 } } homeTeam: { connect: { teamId: 1350 } } awayTeam: { connect: { teamId: 1150 } } homeScore: 37 awayScore: 21 } update: { fixtureId: 115226 fixtureDate: \\"2015-05-16T14:30:00+0000\\" round: 22 venue: { connect: { venueId: 31 } } homeTeam: { connect: { teamId: 1350 } } awayTeam: { connect: { teamId: 1150 } } homeScore: 37 awayScore: 21 } ) { id fixtureId homeTeam { teamId name } awayTeam { teamId name } venue { venueName } } }",
  "mutation { upsertFixture( where: { fixtureId: 115231 } create: { fixtureId: 115231 fixtureDate: \\"2015-05-23T13:00:00+0000\\" round: 23 venue: { connect: { venueId: 28 } } homeTeam: { connect: { teamId: 1400 } } awayTeam: { connect: { teamId: 1500 } } homeScore: 24 awayScore: 29 } update: { fixtureId: 115231 fixtureDate: \\"2015-05-23T13:00:00+0000\\" round: 23 venue: { connect: { venueId: 28 } } homeTeam: { connect: { teamId: 1400 } } awayTeam: { connect: { teamId: 1500 } } homeScore: 24 awayScore: 29 } ) { id fixtureId homeTeam { teamId name } awayTeam { teamId name } venue { venueName } } }",
  "mutation { upsertFixture( where: { fixtureId: 115232 } create: { fixtureId: 115232 fixtureDate: \\"2015-05-23T16:00:00+0000\\" round: 23 venue: { connect: { venueId: 33 } } homeTeam: { connect: { teamId: 1000 } } awayTeam: { connect: { teamId: 1250 } } homeScore: 47 awayScore: 10 } update: { fixtureId: 115232 fixtureDate: \\"2015-05-23T16:00:00+0000\\" round: 23 venue: { connect: { venueId: 33 } } homeTeam: { connect: { teamId: 1000 } } awayTeam: { connect: { teamId: 1250 } } homeScore: 47 awayScore: 10 } ) { id fixtureId homeTeam { teamId name } awayTeam { teamId name } venue { venueName } } }",
  "mutation { upsertFixture( where: { fixtureId: 115241 } create: { fixtureId: 115241 fixtureDate: \\"2015-05-30T13:30:00+0000\\" round: 24 venue: { connect: { venueId: 38 } } homeTeam: { connect: { teamId: 1000 } } awayTeam: { connect: { teamId: 1500 } } homeScore: 16 awayScore: 28 } update: { fixtureId: 115241 fixtureDate: \\"2015-05-30T13:30:00+0000\\" round: 24 venue: { connect: { venueId: 38 } } homeTeam: { connect: { teamId: 1000 } } awayTeam: { connect: { teamId: 1500 } } homeScore: 16 awayScore: 28 } ) { id fixtureId homeTeam { teamId name } awayTeam { teamId name } venue { venueName } } }",
]
`;
