// Jest Snapshot v1, https://goo.gl/fbAQLP

exports[`creates mutations 1`] = `
Array [
  "mutation { upsertTeam( where: { teamId: 78 } create:{ teamId: 78 name: \\"London Welsh\\" } update:{ teamId: 78 name: \\"London Welsh\\" } ) { id teamId } }",
]
`;

exports[`creates mutations 2`] = `
Array [
  "mutation { upsertVenue( where: { venueId: 28 } create:{ venueId: 28 venueName: \\"Franklin's Gardens\\" } update:{ venueId: 28 venueName: \\"Franklin's Gardens\\" } ) { id venueId } }",
]
`;

exports[`creates mutations 3`] = `
Array [
  "mutation { upsertFixture( where: { fixtureId: 115014 } create: { fixtureId: 115014 fixtureDate: \\"2014-09-05T18:45:00+0000\\" round: 1 venue: { connect: { venueId: 28 } } homeTeam: { connect: { teamId: 1400 } } awayTeam: { connect: { teamId: 1100 } } homeScore: 53 awayScore: 6 } update: { fixtureId: 115014 fixtureDate: \\"2014-09-05T18:45:00+0000\\" round: 1 venue: { connect: { venueId: 28 } } homeTeam: { connect: { teamId: 1400 } } awayTeam: { connect: { teamId: 1100 } } homeScore: 53 awayScore: 6 } ) { id fixtureId homeTeam { teamId name } awayTeam { teamId name } venue { venueName } } }",
]
`;
